Archive member included to satisfy reference by file (symbol)

libfreertos_kernel.a(tasks.c.o)
                              CMakeFiles/tcode_simulator.dir/main.c.o (xTaskCreate)
libfreertos_kernel.a(timers.c.o)
                              libfreertos_kernel.a(tasks.c.o) (xTimerCreateTimerTask)
libfreertos_kernel.a(port.c.o)
                              libfreertos_kernel.a(tasks.c.o) (vPortYield)
libfreertos_kernel.a(portasm.c.o)
                              libfreertos_kernel.a(port.c.o) (vRestoreContextOfFirstTask)
libfreertos_kernel.a(heap_4.c.o)
                              libfreertos_kernel.a(tasks.c.o) (pvPortMalloc)
libfreertos_kernel.a(list.c.o)
                              libfreertos_kernel.a(tasks.c.o) (vListInitialise)
libfreertos_kernel.a(queue.c.o)
                              libfreertos_kernel.a(timers.c.o) (xQueueGenericCreate)
/usr/lib/gcc/arm-none-eabi/14.2.0/thumb/v6-m/nofp/libgcc.a(_dvmd_tls.o)
                              CMakeFiles/tcode_simulator.dir/usr/share/pico-sdk/src/rp2_common/pico_divider/divider_hardware.S.o (__aeabi_idiv0)
/usr/lib/gcc/arm-none-eabi/14.2.0/../../../../arm-none-eabi/lib/thumb/v6-m/nofp/libg.a(libc_a-atexit.o)
                              /usr/lib/gcc/arm-none-eabi/14.2.0/../../../../arm-none-eabi/lib/thumb/v6-m/nofp/crt0.o (atexit)
/usr/lib/gcc/arm-none-eabi/14.2.0/../../../../arm-none-eabi/lib/thumb/v6-m/nofp/libg.a(libc_a-atoi.o)
                              CMakeFiles/tcode_simulator.dir/tasks/serial_task.c.o (atoi)
/usr/lib/gcc/arm-none-eabi/14.2.0/../../../../arm-none-eabi/lib/thumb/v6-m/nofp/libg.a(libc_a-calloc.o)
                              CMakeFiles/tcode_simulator.dir/usr/share/pico-sdk/src/rp2_common/pico_malloc/malloc.c.o (calloc)
/usr/lib/gcc/arm-none-eabi/14.2.0/../../../../arm-none-eabi/lib/thumb/v6-m/nofp/libg.a(libc_a-callocr.o)
                              /usr/lib/gcc/arm-none-eabi/14.2.0/../../../../arm-none-eabi/lib/thumb/v6-m/nofp/libg.a(libc_a-calloc.o) (_calloc_r)
/usr/lib/gcc/arm-none-eabi/14.2.0/../../../../arm-none-eabi/lib/thumb/v6-m/nofp/libg.a(libc_a-malloc.o)
                              CMakeFiles/tcode_simulator.dir/usr/share/pico-sdk/src/rp2_common/pico_malloc/malloc.c.o (malloc)
/usr/lib/gcc/arm-none-eabi/14.2.0/../../../../arm-none-eabi/lib/thumb/v6-m/nofp/libg.a(libc_a-mallocr.o)
                              /usr/lib/gcc/arm-none-eabi/14.2.0/../../../../arm-none-eabi/lib/thumb/v6-m/nofp/libg.a(libc_a-callocr.o) (_malloc_r)
/usr/lib/gcc/arm-none-eabi/14.2.0/../../../../arm-none-eabi/lib/thumb/v6-m/nofp/libg.a(libc_a-mlock.o)
                              /usr/lib/gcc/arm-none-eabi/14.2.0/../../../../arm-none-eabi/lib/thumb/v6-m/nofp/libg.a(libc_a-mallocr.o) (__malloc_lock)
/usr/lib/gcc/arm-none-eabi/14.2.0/../../../../arm-none-eabi/lib/thumb/v6-m/nofp/libg.a(libc_a-realloc.o)
                              CMakeFiles/tcode_simulator.dir/usr/share/pico-sdk/src/rp2_common/pico_malloc/malloc.c.o (realloc)
/usr/lib/gcc/arm-none-eabi/14.2.0/../../../../arm-none-eabi/lib/thumb/v6-m/nofp/libg.a(libc_a-reallocr.o)
                              /usr/lib/gcc/arm-none-eabi/14.2.0/../../../../arm-none-eabi/lib/thumb/v6-m/nofp/libg.a(libc_a-realloc.o) (_realloc_r)
/usr/lib/gcc/arm-none-eabi/14.2.0/../../../../arm-none-eabi/lib/thumb/v6-m/nofp/libg.a(libc_a-strtol.o)
                              /usr/lib/gcc/arm-none-eabi/14.2.0/../../../../arm-none-eabi/lib/thumb/v6-m/nofp/libg.a(libc_a-atoi.o) (_strtol_r)
/usr/lib/gcc/arm-none-eabi/14.2.0/../../../../arm-none-eabi/lib/thumb/v6-m/nofp/libg.a(libc_a-ctype_.o)
                              /usr/lib/gcc/arm-none-eabi/14.2.0/../../../../arm-none-eabi/lib/thumb/v6-m/nofp/libg.a(libc_a-strtol.o) (_ctype_)
/usr/lib/gcc/arm-none-eabi/14.2.0/../../../../arm-none-eabi/lib/thumb/v6-m/nofp/libg.a(libc_a-fflush.o)
                              CMakeFiles/tcode_simulator.dir/main.c.o (fflush)
/usr/lib/gcc/arm-none-eabi/14.2.0/../../../../arm-none-eabi/lib/thumb/v6-m/nofp/libg.a(libc_a-findfp.o)
                              /usr/lib/gcc/arm-none-eabi/14.2.0/../../../../arm-none-eabi/lib/thumb/v6-m/nofp/libg.a(libc_a-fflush.o) (__sglue)
/usr/lib/gcc/arm-none-eabi/14.2.0/../../../../arm-none-eabi/lib/thumb/v6-m/nofp/libg.a(libc_a-fwalk.o)
                              /usr/lib/gcc/arm-none-eabi/14.2.0/../../../../arm-none-eabi/lib/thumb/v6-m/nofp/libg.a(libc_a-fflush.o) (_fwalk_sglue)
/usr/lib/gcc/arm-none-eabi/14.2.0/../../../../arm-none-eabi/lib/thumb/v6-m/nofp/libg.a(libc_a-setvbuf.o)
                              CMakeFiles/tcode_simulator.dir/main.c.o (setvbuf)
/usr/lib/gcc/arm-none-eabi/14.2.0/../../../../arm-none-eabi/lib/thumb/v6-m/nofp/libg.a(libc_a-stdio.o)
                              /usr/lib/gcc/arm-none-eabi/14.2.0/../../../../arm-none-eabi/lib/thumb/v6-m/nofp/libg.a(libc_a-findfp.o) (__sread)
/usr/lib/gcc/arm-none-eabi/14.2.0/../../../../arm-none-eabi/lib/thumb/v6-m/nofp/libg.a(libc_a-memcmp.o)
[...]
Memory Configuration

Name             Origin             Length             Attributes
FLASH            0x10000000         0x00200000         xr
RAM              0x20000000         0x00040000         xrw
SCRATCH_X        0x20040000         0x00001000         xrw
SCRATCH_Y        0x20041000         0x00001000         xrw
*default*        0x00000000         0xffffffff

Linker script and memory map

LOAD /usr/lib/gcc/arm-none-eabi/14.2.0/thumb/v6-m/nofp/crti.o
LOAD /usr/lib/gcc/arm-none-eabi/14.2.0/thumb/v6-m/nofp/crtbegin.o
LOAD /usr/lib/gcc/arm-none-eabi/14.2.0/../../../../arm-none-eabi/lib/thumb/v6-m/nofp/crt0.o

.flash_begin    0x10000000        0x0
                0x10000000                        __flash_binary_start = .

.boot2          0x10000000      0x100
                0x10000000                        __boot2_start__ = .
 *(.boot2)
 .boot2         0x10000000      0x100 pico-sdk/src/rp2040/boot_stage2/CMakeFiles/bs2_default_library.dir/bs2_default_padded_checksummed.S.o
                0x10000100                        __boot2_end__ = .
                0x00000001                        ASSERT (((__boot2_end__ - __boot2_start__) == 0x100), ERROR: Pico second stage bootloader must be 256 bytes in size)

.text           0x10000100     0xd760
                0x10000100                        __logical_binary_start = .
 *(.vectors)
 .vectors       0x10000100       0xd4 CMakeFiles/tcode_simulator.dir/usr/share/pico-sdk/src/rp2_common/pico_crt0/crt0.S.o
                0x10000100                __vectors
                0x10000100                __VECTOR_TABLE
                0x100001c0                isr_irq30
                0x100001c0                __unhandled_user_irq
                0x100001c0                isr_irq13
                0x100001c0                isr_irq27
                0x100001c0                isr_irq31
                0x100001c0                isr_irq5
                0x100001c0                isr_irq11
                0x100001c0                isr_irq23
                0x100001c0                isr_irq18
                0x100001c0                isr_irq28
                0x100001c0                isr_irq19
                0x100001c0                isr_irq0
                0x100001c0                isr_irq6
                0x100001c0                isr_irq22
                0x100001c0                isr_irq17
                0x100001c0                isr_irq14
                0x100001c0                __vectors_end
                0x100001c0                __default_isrs_start
                0x100001c0                isr_irq2
                0x100001c0                isr_irq10
                0x100001c0                isr_irq8
                0x100001c0                isr_irq24
                0x100001c0                isr_irq1
                0x100001c0                isr_irq7
                0x100001c0                isr_irq21
                0x100001c0                isr_irq20
                0x100001c0                isr_irq15
                0x100001c0                isr_irq25
                0x100001c0                isr_irq4
                0x100001c0                isr_irq16
                0x100001c0                isr_irq29
                0x100001c0                isr_irq26
                0x100001c0                isr_irq3
                0x100001c0                isr_irq12
                0x100001c0                isr_irq9
                0x100001c6                unhandled_user_irq_num_in_r0
                0x100001c8                isr_invalid
                0x100001ca                isr_nmi
                0x100001cc                isr_hardfault
                0x100001d4                __default_isrs_end
 *(.binary_info_header)
 .binary_info_header
                0x100001d4       0x14 CMakeFiles/tcode_simulator.dir/usr/share/pico-sdk/src/rp2_common/pico_crt0/crt0.S.o
                0x100001e8                        __binary_info_header_end = .
 *(.embedded_block)
                0x100001e8                        __embedded_block_end = .
 *(.reset)
 .reset         0x100001e8       0x9c CMakeFiles/tcode_simulator.dir/usr/share/pico-sdk/src/rp2_common/pico_crt0/crt0.S.o
                0x100001e8                _entry_point
 *(.init)
 .init          0x10000284        0x4 /usr/lib/gcc/arm-none-eabi/14.2.0/thumb/v6-m/nofp/crti.o
                0x10000284                _init
 *(EXCLUDE_FILE(*libm.a: *libc.a:*lib_a-mem*.o *libgcc.a:) .text*)
 .text.frame_dummy
                0x10000288       0x20 /usr/lib/gcc/arm-none-eabi/14.2.0/thumb/v6-m/nofp/crtbegin.o
 .text.heartbeat_task
                0x100002a8       0x28 CMakeFiles/tcode_simulator.dir/main.c.o
 .text.startup.main
                0x100002d0       0xd8 CMakeFiles/tcode_simulator.dir/main.c.o
                0x100002d0                main
 .text.fatal_blink
                0x100003a8       0x30 CMakeFiles/tcode_simulator.dir/lib/freertos_support.c.o
 .text.isr_svcall
                0x100003d8        0x8 CMakeFiles/tcode_simulator.dir/lib/freertos_support.c.o
                0x100003d8                isr_svcall
 .text.isr_pendsv
                0x100003e0        0x8 CMakeFiles/tcode_simulator.dir/lib/freertos_support.c.o
                0x100003e0                isr_pendsv
 .text.isr_systick
                0x100003e8        0x8 CMakeFiles/tcode_simulator.dir/lib/freertos_support.c.o
                0x100003e8                isr_systick
 .text.vAssertCalled
                0x100003f0        0xc CMakeFiles/tcode_simulator.dir/lib/freertos_support.c.o
                0x100003f0                vAssertCalled
 .text.vApplicationMallocFailedHook
                0x100003fc       0x38 CMakeFiles/tcode_simulator.dir/lib/freertos_support.c.o
                0x100003fc                vApplicationMallocFailedHook
 .text.vApplicationStackOverflowHook
                0x10000434        0xc CMakeFiles/tcode_simulator.dir/lib/freertos_support.c.o
                0x10000434                vApplicationStackOverflowHook
 .text.neopixel_ws2812_init
                0x10000440      0x150 CMakeFiles/tcode_simulator.dir/lib/neopixel_ws2812/neopixel_ws2812.c.o
                0x10000440                neopixel_ws2812_init
 .text.neopixel_ws2812_put_rgb
                0x10000590       0x2c CMakeFiles/tcode_simulator.dir/lib/neopixel_ws2812/neopixel_ws2812.c.o
                0x10000590                neopixel_ws2812_put_rgb
 .text.tcode_status_str
                0x100005bc       0x18 CMakeFiles/tcode_simulator.dir/lib/tcode_protocol/tcode_protocol.c.o
                0x100005bc                tcode_status_str
 .text.tcode_parse_inplace
                0x100005d4      0x168 CMakeFiles/tcode_simulator.dir/lib/tcode_protocol/tcode_protocol.c.o
                0x100005d4                tcode_parse_inplace
 .text.sim_thermo_system_task
                0x1000073c      0x52c CMakeFiles/tcode_simulator.dir/tasks/sim_thermo_system_task.c.o
 .text.sim_thermo_system_task_create
                0x10000c68       0x28 CMakeFiles/tcode_simulator.dir/tasks/sim_thermo_system_task.c.o
                0x10000c68                sim_thermo_system_task_create
 .text.serial_task
                0x10000c90      0x4e8 CMakeFiles/tcode_simulator.dir/tasks/serial_task.c.o
 .text.serial_task_create
                0x10001178       0x28 CMakeFiles/tcode_simulator.dir/tasks/serial_task.c.o
                0x10001178                serial_task_create
 .text.status_led_task
                0x100011a0       0x44 CMakeFiles/tcode_simulator.dir/tasks/status_led_task.c.o
 .text.status_led_task_create
                0x100011e4       0x28 CMakeFiles/tcode_simulator.dir/tasks/status_led_task.c.o
                0x100011e4                status_led_task_create
 .text.gpio_set_function
                0x1000120c       0x34 CMakeFiles/tcode_simulator.dir/usr/share/pico-sdk/src/rp2_common/hardware_gpio/gpio.c.o
                0x1000120c                gpio_set_function
 .text.gpio_init
                0x10001240       0x40 CMakeFiles/tcode_simulator.dir/usr/share/pico-sdk/src/rp2_common/hardware_gpio/gpio.c.o
                0x10001240                gpio_init
 .text.rp2040_chip_version
                0x10001280        0xc CMakeFiles/tcode_simulator.dir/usr/share/pico-sdk/src/rp2040/pico_platform/platform.c.o
                0x10001280                rp2040_chip_version
 .text.panic    0x1000128c       0x30 CMakeFiles/tcode_simulator.dir/usr/share/pico-sdk/src/rp2_common/pico_platform_panic/panic.c.o
                0x1000128c                panic
 .text.hw_claim_lock
                0x100012bc       0x18 CMakeFiles/tcode_simulator.dir/usr/share/pico-sdk/src/common/hardware_claim/claim.c.o
                0x100012bc                hw_claim_lock
 .text.hw_claim_unlock
                0x100012d4       0x14 CMakeFiles/tcode_simulator.dir/usr/share/pico-sdk/src/common/hardware_claim/claim.c.o
                0x100012d4                hw_claim_unlock
 .text.hw_claim_or_assert
                0x100012e8       0x44 CMakeFiles/tcode_simulator.dir/usr/share/pico-sdk/src/common/hardware_claim/claim.c.o
                0x100012e8                hw_claim_or_assert
 .text.hw_claim_unused_from_range
                0x1000132c       0x88 CMakeFiles/tcode_simulator.dir/usr/share/pico-sdk/src/common/hardware_claim/claim.c.o
                0x1000132c                hw_claim_unused_from_range
 .text.next_striped_spin_lock_num
                0x100013b4       0x18 CMakeFiles/tcode_simulator.dir/usr/share/pico-sdk/src/rp2_common/hardware_sync/sync.c.o
                0x100013b4                next_striped_spin_lock_num
 .text.spin_lock_claim_unused
                0x100013cc       0x24 CMakeFiles/tcode_simulator.dir/usr/share/pico-sdk/src/rp2_common/hardware_sync/sync.c.o
                0x100013cc                spin_lock_claim_unused
 .text.spin_locks_reset
                0x100013f0       0x1c CMakeFiles/tcode_simulator.dir/usr/share/pico-sdk/src/rp2_common/hardware_sync_spin_lock/sync_spin_lock.c.o
                0x100013f0                spin_locks_reset
 .text.runtime_init_per_core_irq_priorities
                0x1000140c       0x24 CMakeFiles/tcode_simulator.dir/usr/share/pico-sdk/src/rp2_common/hardware_irq/irq.c.o
                0x1000140c                runtime_init_per_core_irq_priorities
 .text.irq_set_enabled
                0x10001430       0x24 CMakeFiles/tcode_simulator.dir/usr/share/pico-sdk/src/rp2_common/hardware_irq/irq.c.o
                0x10001430                irq_set_enabled
 .text.irq_is_enabled
                0x10001454       0x18 CMakeFiles/tcode_simulator.dir/usr/share/pico-sdk/src/rp2_common/hardware_irq/irq.c.o
                0x10001454                irq_is_enabled
 .text.irq_set_pending
                0x1000146c       0x10 CMakeFiles/tcode_simulator.dir/usr/share/pico-sdk/src/rp2_common/hardware_irq/irq.c.o
                0x1000146c                irq_set_pending
 .text.irq_has_shared_handler
                0x1000147c       0x24 CMakeFiles/tcode_simulator.dir/usr/share/pico-sdk/src/rp2_common/hardware_irq/irq.c.o
                0x1000147c                irq_has_shared_handler
 .text.irq_set_exclusive_handler
                0x100014a0       0x54 CMakeFiles/tcode_simulator.dir/usr/share/pico-sdk/src/rp2_common/hardware_irq/irq.c.o
                0x100014a0                irq_set_exclusive_handler
 .text.irq_add_shared_handler
                0x100014f4      0x1f4 CMakeFiles/tcode_simulator.dir/usr/share/pico-sdk/src/rp2_common/hardware_irq/irq.c.o
                0x100014f4                irq_add_shared_handler
 .text.irq_add_tail_to_free_list
                0x100016e8       0xb4 CMakeFiles/tcode_simulator.dir/usr/share/pico-sdk/src/rp2_common/hardware_irq/irq.c.o
                0x100016e8                irq_add_tail_to_free_list
 .text.user_irq_claim_unused
                0x1000179c       0x2c CMakeFiles/tcode_simulator.dir/usr/share/pico-sdk/src/rp2_common/hardware_irq/irq.c.o
                0x1000179c                user_irq_claim_unused
 .text.lock_init
                0x100017c8       0x10 CMakeFiles/tcode_simulator.dir/usr/share/pico-sdk/src/common/pico_sync/lock_core.c.o
                0x100017c8                lock_init
 .text.runtime_init_mutex
                0x100017d8       0x50 CMakeFiles/tcode_simulator.dir/usr/share/pico-sdk/src/common/pico_sync/mutex.c.o
                0x100017d8                runtime_init_mutex
 .text.mutex_init
                0x10001828       0x1c CMakeFiles/tcode_simulator.dir/usr/share/pico-sdk/src/common/pico_sync/mutex.c.o
                0x10001828                mutex_init
 .text.critical_section_init
                0x10001844       0x1c CMakeFiles/tcode_simulator.dir/usr/share/pico-sdk/src/common/pico_sync/critical_section.c.o
                0x10001844                critical_section_init
 .text.critical_section_init_with_lock_num
                0x10001860       0x14 CMakeFiles/tcode_simulator.dir/usr/share/pico-sdk/src/common/pico_sync/critical_section.c.o
                0x10001860                critical_section_init_with_lock_num
 .text.sleep_until_callback
                0x10001874       0x30 CMakeFiles/tcode_simulator.dir/usr/share/pico-sdk/src/common/pico_time/time.c.o
 .text.alarm_pool_irq_handler
                0x100018a4      0x300 CMakeFiles/tcode_simulator.dir/usr/share/pico-sdk/src/common/pico_time/time.c.o
 .text.runtime_init_default_alarm_pool
                0x10001ba4       0xdc CMakeFiles/tcode_simulator.dir/usr/share/pico-sdk/src/common/pico_time/time.c.o
                0x10001ba4                runtime_init_default_alarm_pool
 .text.alarm_pool_get_default
                0x10001c80        0x8 CMakeFiles/tcode_simulator.dir/usr/share/pico-sdk/src/common/pico_time/time.c.o
                0x10001c80                alarm_pool_get_default
 .text.alarm_pool_add_alarm_at
                0x10001c88       0xd0 CMakeFiles/tcode_simulator.dir/usr/share/pico-sdk/src/common/pico_time/time.c.o
                0x10001c88                alarm_pool_add_alarm_at
 .text.alarm_pool_add_alarm_at_force_in_context
                0x10001d58       0xb0 CMakeFiles/tcode_simulator.dir/usr/share/pico-sdk/src/common/pico_time/time.c.o
                0x10001d58                alarm_pool_add_alarm_at_force_in_context
 .text.alarm_pool_cancel_alarm
                0x10001e08       0x74 CMakeFiles/tcode_simulator.dir/usr/share/pico-sdk/src/common/pico_time/time.c.o
                0x10001e08                alarm_pool_cancel_alarm
 .text.alarm_pool_core_num
                0x10001e7c        0x4 CMakeFiles/tcode_simulator.dir/usr/share/pico-sdk/src/common/pico_time/time.c.o
                0x10001e7c                alarm_pool_core_num
 .text.sleep_ms
                0x10001e80       0xfc CMakeFiles/tcode_simulator.dir/usr/share/pico-sdk/src/common/pico_time/time.c.o
                0x10001e80                sleep_ms
 .text.best_effort_wfe_or_timeout
                0x10001f7c      0x10c CMakeFiles/tcode_simulator.dir/usr/share/pico-sdk/src/common/pico_time/time.c.o
                0x10001f7c                best_effort_wfe_or_timeout
 .text.timer_hardware_alarm_claim
                0x10002088       0x14 CMakeFiles/tcode_simulator.dir/usr/share/pico-sdk/src/rp2_common/hardware_timer/timer.c.o
                0x10002088                timer_hardware_alarm_claim
 .text.timer_time_us_64
                0x1000209c       0x10 CMakeFiles/tcode_simulator.dir/usr/share/pico-sdk/src/rp2_common/hardware_timer/timer.c.o
                0x1000209c                timer_time_us_64
 .text.time_us_64
                0x100020ac       0x14 CMakeFiles/tcode_simulator.dir/usr/share/pico-sdk/src/rp2_common/hardware_timer/timer.c.o
                0x100020ac                time_us_64
 .text.busy_wait_us
                0x100020c0       0x68 CMakeFiles/tcode_simulator.dir/usr/share/pico-sdk/src/rp2_common/hardware_timer/timer.c.o
                0x100020c0                busy_wait_us
 .text.busy_wait_ms
                0x10002128       0x9c CMakeFiles/tcode_simulator.dir/usr/share/pico-sdk/src/rp2_common/hardware_timer/timer.c.o
                0x10002128                busy_wait_ms
 .text.busy_wait_until
                0x100021c4       0x20 CMakeFiles/tcode_simulator.dir/usr/share/pico-sdk/src/rp2_common/hardware_timer/timer.c.o
                0x100021c4                busy_wait_until
 .text.clock_configure_int_divider
                0x100021e4       0xf4 CMakeFiles/tcode_simulator.dir/usr/share/pico-sdk/src/rp2_common/hardware_clocks/clocks.c.o
                0x100021e4                clock_configure_int_divider
 .text.clock_configure_undivided
                0x100022d8       0xe8 CMakeFiles/tcode_simulator.dir/usr/share/pico-sdk/src/rp2_common/hardware_clocks/clocks.c.o
                0x100022d8                clock_configure_undivided
 .text.clock_get_hz
                0x100023c0        0xc CMakeFiles/tcode_simulator.dir/usr/share/pico-sdk/src/rp2_common/hardware_clocks/clocks.c.o
                0x100023c0                clock_get_hz
 .text.pll_init
                0x100023cc       0xa4 CMakeFiles/tcode_simulator.dir/usr/share/pico-sdk/src/rp2_common/hardware_pll/pll.c.o
                0x100023cc                pll_init
 .text.watchdog_reboot
                0x10002470       0x9c CMakeFiles/tcode_simulator.dir/usr/share/pico-sdk/src/rp2_common/hardware_watchdog/watchdog.c.o
                0x10002470                watchdog_reboot
 .text.tick_start
                0x1000250c       0x10 CMakeFiles/tcode_simulator.dir/usr/share/pico-sdk/src/rp2_common/hardware_ticks/ticks.c.o
                0x1000250c                tick_start
 .text.rom_func_lookup
                0x1000251c       0x10 CMakeFiles/tcode_simulator.dir/usr/share/pico-sdk/src/rp2_common/pico_bootrom/bootrom.c.o
                0x1000251c                rom_func_lookup
 .text.rom_data_lookup
                0x1000252c       0x10 CMakeFiles/tcode_simulator.dir/usr/share/pico-sdk/src/rp2_common/pico_bootrom/bootrom.c.o
                0x1000252c                rom_data_lookup
 .text.rom_funcs_lookup
                0x1000253c       0x44 CMakeFiles/tcode_simulator.dir/usr/share/pico-sdk/src/rp2_common/pico_bootrom/bootrom.c.o
                0x1000253c                rom_funcs_lookup
 .text.rom_reset_usb_boot_extra
                0x10002580       0x24 CMakeFiles/tcode_simulator.dir/usr/share/pico-sdk/src/rp2_common/pico_bootrom/bootrom.c.o
                0x10002580                rom_reset_usb_boot_extra
 .text.xosc_init
                0x100025a4       0x28 CMakeFiles/tcode_simulator.dir/usr/share/pico-sdk/src/rp2_common/hardware_xosc/xosc.c.o
                0x100025a4                xosc_init
 .text.first_per_core_initializer
                0x100025cc        0x4 CMakeFiles/tcode_simulator.dir/usr/share/pico-sdk/src/rp2_common/pico_runtime/runtime.c.o
 .text.hard_assertion_failure
                0x100025d0        0xc CMakeFiles/tcode_simulator.dir/usr/share/pico-sdk/src/rp2_common/pico_runtime/runtime.c.o
                0x100025d0                hard_assertion_failure
 .text.runtime_run_initializers
                0x100025dc       0x28 CMakeFiles/tcode_simulator.dir/usr/share/pico-sdk/src/rp2_common/pico_runtime/runtime.c.o
                0x100025dc                runtime_run_initializers
 .text.runtime_init_early_resets
                0x10002604       0x2c CMakeFiles/tcode_simulator.dir/usr/share/pico-sdk/src/rp2_common/pico_runtime_init/runtime_init.c.o
                0x10002604                runtime_init_early_resets
 .text.runtime_init_usb_power_down
                0x10002630       0x1c CMakeFiles/tcode_simulator.dir/usr/share/pico-sdk/src/rp2_common/pico_runtime_init/runtime_init.c.o
                0x10002630                runtime_init_usb_power_down
 .text.runtime_init_post_clock_resets
                0x1000264c       0x20 CMakeFiles/tcode_simulator.dir/usr/share/pico-sdk/src/rp2_common/pico_runtime_init/runtime_init.c.o
                0x1000264c                runtime_init_post_clock_resets
 .text.runtime_init_rp2040_gpio_ie_disable
                0x1000266c       0x14 CMakeFiles/tcode_simulator.dir/usr/share/pico-sdk/src/rp2_common/pico_runtime_init/runtime_init.c.o
                0x1000266c                runtime_init_rp2040_gpio_ie_disable
 .text.runtime_init_spin_locks_reset
                0x10002680        0x8 CMakeFiles/tcode_simulator.dir/usr/share/pico-sdk/src/rp2_common/pico_runtime_init/runtime_init.c.o
                0x10002680                runtime_init_spin_locks_reset
 .text.runtime_init_install_ram_vector_table
                0x10002688       0xb4 CMakeFiles/tcode_simulator.dir/usr/share/pico-sdk/src/rp2_common/pico_runtime_init/runtime_init.c.o
                0x10002688                runtime_init_install_ram_vector_table
 .text.runtime_init_clocks
                0x1000273c       0xd8 CMakeFiles/tcode_simulator.dir/usr/share/pico-sdk/src/rp2_common/pico_runtime_init/runtime_init_clocks.c.o
                0x1000273c                runtime_init_clocks
 .text          0x10002814       0x10 CMakeFiles/tcode_simulator.dir/usr/share/pico-sdk/src/rp2_common/pico_bit_ops/bit_ops_aeabi.S.o
 .text.__wrap___aeabi_idiv
                0x10002824       0x50 CMakeFiles/tcode_simulator.dir/usr/share/pico-sdk/src/rp2_common/pico_divider/divider_hardware.S.o
                0x10002824                __wrap___aeabi_idivmod
                0x10002824                divmod_s32s32
                0x10002824                div_s32s32
                0x10002824                __wrap___aeabi_idiv
                0x1000282c                divmod_s32s32_unsafe
                0x10002858                divmod_s32s32_savestate
 .text.__wrap___aeabi_uidiv
                0x10002874       0x4c CMakeFiles/tcode_simulator.dir/usr/share/pico-sdk/src/rp2_common/pico_divider/divider_hardware.S.o
                0x10002874                __wrap___aeabi_uidiv
                0x10002874                __wrap___aeabi_uidivmod
                0x10002874                div_u32u32
                0x10002874                divmod_u32u32
                0x1000287c                divmod_u32u32_unsafe
                0x100028a4                divmod_u32u32_savestate
 .text.__wrap___aeabi_ldiv
                0x100028c0      0x424 CMakeFiles/tcode_simulator.dir/usr/share/pico-sdk/src/rp2_common/pico_divider/divider_hardware.S.o
                0x100028c0                div_s64s64
                0x100028c0                divmod_s64s64
                0x100028c0                __wrap___aeabi_ldivmod
                0x100028f0                div_u64u64
                0x100028f0                divmod_u64u64
                0x100028f0                __wrap___aeabi_uldivmod
                0x10002900                divmod_u64u64_savestate
                0x10002920                divmod_s64s64_unsafe
                0x100029a8                divmod_u64u64_unsafe
 .text.__wrap___aeabi_darithmetic
                0x10002ce4       0x80 CMakeFiles/tcode_simulator.dir/usr/share/pico-sdk/src/rp2_common/pico_double/double_aeabi_rp2040.S.o
                0x10002ce4                __wrap___aeabi_drsub
                0x10002cea                __wrap___aeabi_dsub
                0x10002cfc                __wrap___aeabi_dadd
                0x10002d0e                __wrap___aeabi_ddiv
                0x10002d4a                __wrap___aeabi_dmul
 .text.__wrap___aeabi_cdcmple
                0x10002d64       0x6c CMakeFiles/tcode_simulator.dir/usr/share/pico-sdk/src/rp2_common/pico_double/double_aeabi_rp2040.S.o
                0x10002d64                __wrap___aeabi_cdrcmple
                0x10002d74                __wrap___aeabi_cdcmple
                0x10002d74                __wrap___aeabi_cdcmpeq
 .text.__wrap___aeabi_dcmplt
                0x10002dd0        0xc CMakeFiles/tcode_simulator.dir/usr/share/pico-sdk/src/rp2_common/pico_double/double_aeabi_rp2040.S.o
                0x10002dd0                __wrap___aeabi_dcmplt
 .text.__wrap___aeabi_dcmple
                0x10002ddc       0x10 CMakeFiles/tcode_simulator.dir/usr/share/pico-sdk/src/rp2_common/pico_double/double_aeabi_rp2040.S.o
                0x10002ddc                __wrap___aeabi_dcmple
 .text.__wrap___aeabi_dcmpge
                0x10002dec       0x10 CMakeFiles/tcode_simulator.dir/usr/share/pico-sdk/src/rp2_common/pico_double/double_aeabi_rp2040.S.o
                0x10002dec                __wrap___aeabi_dcmpge
 .text.__wrap___aeabi_dcmpgt
                0x10002dfc        0xa CMakeFiles/tcode_simulator.dir/usr/share/pico-sdk/src/rp2_common/pico_double/double_aeabi_rp2040.S.o
                0x10002dfc                __wrap___aeabi_dcmpgt
 .text.__wrap___aeabi_dcmpun
                0x10002e06       0x18 CMakeFiles/tcode_simulator.dir/usr/share/pico-sdk/src/rp2_common/pico_double/double_aeabi_rp2040.S.o
                0x10002e06                __wrap___aeabi_dcmpun
 *fill*         0x10002e1e        0x2 
 .text.__wrap___aeabi_i2d
                0x10002e20       0x38 CMakeFiles/tcode_simulator.dir/usr/share/pico-sdk/src/rp2_common/pico_double/double_aeabi_rp2040.S.o
                0x10002e20                __wrap___aeabi_ui2d
                0x10002e20                uint2double
                0x10002e28                __wrap___aeabi_i2d
                0x10002e28                int2double
 .text.__wrap___aeabi_d2iz
                0x10002e58       0x48 CMakeFiles/tcode_simulator.dir/usr/share/pico-sdk/src/rp2_common/pico_double/double_aeabi_rp2040.S.o
                0x10002e58                __wrap___aeabi_d2iz
                0x10002e58                double2int_z
 .text.__wrap___aeabi_d2uiz
                0x10002ea0       0x18 CMakeFiles/tcode_simulator.dir/usr/share/pico-sdk/src/rp2_common/pico_double/double_aeabi_rp2040.S.o
                0x10002ea0                double2uint_z
                0x10002ea0                double2uint
                0x10002ea0                __wrap___aeabi_d2uiz
 .text.__aeabi_double_init
                0x10002eb8       0xa4 CMakeFiles/tcode_simulator.dir/usr/share/pico-sdk/src/rp2_common/pico_double/double_init_rom_rp2040.c.o
                0x10002eb8                __aeabi_double_init
 .text.double_table_shim_on_use_helper
                0x10002f5c       0x2c CMakeFiles/tcode_simulator.dir/usr/share/pico-sdk/src/rp2_common/pico_double/double_v1_rom_shim_rp2040.S.o
                0x10002f5c                double_table_shim_on_use_helper
 .text.__wrap___aeabi_dsub
                0x10002f88       0x10 CMakeFiles/tcode_simulator.dir/usr/share/pico-sdk/src/rp2_common/pico_double/double_v1_rom_shim_rp2040.S.o
                0x10002f88                drsub_shim
                0x10002f8e                dsub_shim
 .text.dadd_shim
                0x10002f98      0x15c CMakeFiles/tcode_simulator.dir/usr/share/pico-sdk/src/rp2_common/pico_double/double_v1_rom_shim_rp2040.S.o
                0x10002f98                dadd_shim
 .text.dmul_shim
                0x100030f4      0x15c CMakeFiles/tcode_simulator.dir/usr/share/pico-sdk/src/rp2_common/pico_double/double_v1_rom_shim_rp2040.S.o
                0x100030f4                dmul_shim
 .text.ddiv_shim
                0x10003250      0x1b0 CMakeFiles/tcode_simulator.dir/usr/share/pico-sdk/src/rp2_common/pico_double/double_v1_rom_shim_rp2040.S.o
                0x10003250                ddiv_shim
 .text.double2uint_shim
                0x10003400        0xe CMakeFiles/tcode_simulator.dir/usr/share/pico-sdk/src/rp2_common/pico_double/double_v1_rom_shim_rp2040.S.o
                0x10003400                double2uint_shim
                0x10003402                double2ufix_shim
 *fill*         0x1000340e        0x2 
 .text.double2uint64_shim
                0x10003410       0x70 CMakeFiles/tcode_simulator.dir/usr/share/pico-sdk/src/rp2_common/pico_double/double_v1_rom_shim_rp2040.S.o
                0x10003410                double2uint64_shim
                0x10003412                double2ufix64_shim
                0x10003432                d2fix_a
 .text.dunpacks
                0x10003480       0x3c CMakeFiles/tcode_simulator.dir/usr/share/pico-sdk/src/rp2_common/pico_double/double_v1_rom_shim_rp2040.S.o
                0x10003480                dunpacks
 .text.__aeabi_lmul
                0x100034bc       0x32 CMakeFiles/tcode_simulator.dir/usr/share/pico-sdk/src/rp2_common/pico_int64_ops/pico_int64_ops_aeabi.S.o
                0x100034bc                __wrap___aeabi_lmul
 *fill*         0x100034ee        0x2 
 .text.__wrap___aeabi_farithmetic
                0x100034f0       0x48 CMakeFiles/tcode_simulator.dir/usr/share/pico-sdk/src/rp2_common/pico_float/float_aeabi_rp2040.S.o
                0x100034f0                __wrap___aeabi_frsub
                0x100034f6                __wrap___aeabi_fsub
                0x100034fc                __wrap___aeabi_fadd
                0x10003502                __wrap___aeabi_fdiv
                0x1000352a                __wrap___aeabi_fmul
 .text.__wrap___aeabi_cfcmple
                0x10003538       0x50 CMakeFiles/tcode_simulator.dir/usr/share/pico-sdk/src/rp2_common/pico_float/float_aeabi_rp2040.S.o
                0x10003538                __wrap___aeabi_cfrcmple
                0x10003544                __wrap___aeabi_cfcmpeq
                0x10003544                __wrap___aeabi_cfcmple
 .text.__wrap___aeabi_fcmpeq
                0x10003588       0x10 CMakeFiles/tcode_simulator.dir/usr/share/pico-sdk/src/rp2_common/pico_float/float_aeabi_rp2040.S.o
                0x10003588                __wrap___aeabi_fcmpeq
 .text.__wrap___aeabi_fcmplt
                0x10003598        0xc CMakeFiles/tcode_simulator.dir/usr/share/pico-sdk/src/rp2_common/pico_float/float_aeabi_rp2040.S.o
                0x10003598                __wrap___aeabi_fcmplt
 .text.__wrap___aeabi_fcmple
                0x100035a4       0x10 CMakeFiles/tcode_simulator.dir/usr/share/pico-sdk/src/rp2_common/pico_float/float_aeabi_rp2040.S.o
                0x100035a4                __wrap___aeabi_fcmple
 .text.__wrap___aeabi_fcmpge
                0x100035b4       0x10 CMakeFiles/tcode_simulator.dir/usr/share/pico-sdk/src/rp2_common/pico_float/float_aeabi_rp2040.S.o
                0x100035b4                __wrap___aeabi_fcmpge
 .text.__wrap___aeabi_fcmpgt
                0x100035c4        0xa CMakeFiles/tcode_simulator.dir/usr/share/pico-sdk/src/rp2_common/pico_float/float_aeabi_rp2040.S.o
                0x100035c4                __wrap___aeabi_fcmpgt
 .text.__wrap___aeabi_ui2f
                0x100035ce        0xa CMakeFiles/tcode_simulator.dir/usr/share/pico-sdk/src/rp2_common/pico_float/float_aeabi_rp2040.S.o
                0x100035ce                uint2float
                0x100035ce                __wrap___aeabi_ui2f
 .text.__wrap___aeabi_i2f
                0x100035d8       0x44 CMakeFiles/tcode_simulator.dir/usr/share/pico-sdk/src/rp2_common/pico_float/float_aeabi_rp2040.S.o
                0x100035d8                int2float
                0x100035d8                __wrap___aeabi_i2f
 .text.__wrap___aeabi_f2uiz
                0x1000361c        0xc CMakeFiles/tcode_simulator.dir/usr/share/pico-sdk/src/rp2_common/pico_float/float_aeabi_rp2040.S.o
                0x1000361c                float2uint
                0x1000361c                float2uint_z
                0x1000361c                __wrap___aeabi_f2uiz
 .text.__wrap___aeabi_f2d
                0x10003628       0x14 CMakeFiles/tcode_simulator.dir/usr/share/pico-sdk/src/rp2_common/pico_float/float_aeabi_rp2040.S.o
                0x10003628                __wrap___aeabi_f2d
 .text.__wrap_logf
                0x1000363c        0xc CMakeFiles/tcode_simulator.dir/usr/share/pico-sdk/src/rp2_common/pico_float/float_aeabi_rp2040.S.o
                0x1000363c                __wrap_logf
 .text.__aeabi_float_init
                0x10003648       0x64 CMakeFiles/tcode_simulator.dir/usr/share/pico-sdk/src/rp2_common/pico_float/float_init_rom_rp2040.c.o
                0x10003648                __aeabi_float_init
 .text.float_table_shim_on_use_helper
                0x100036ac       0x2c CMakeFiles/tcode_simulator.dir/usr/share/pico-sdk/src/rp2_common/pico_float/float_v1_rom_shim_rp2040.S.o
                0x100036ac                float_table_shim_on_use_helper
 .text.float2double_shim
                0x100036d8       0x30 CMakeFiles/tcode_simulator.dir/usr/share/pico-sdk/src/rp2_common/pico_float/float_v1_rom_shim_rp2040.S.o
                0x100036d8                float2double_shim
 .text.__wrap_malloc
                0x10003708       0x24 CMakeFiles/tcode_simulator.dir/usr/share/pico-sdk/src/rp2_common/pico_malloc/malloc.c.o
                0x10003708                __wrap_malloc
 .text          0x1000372c       0x10 CMakeFiles/tcode_simulator.dir/usr/share/pico-sdk/src/rp2_common/pico_mem_ops/mem_ops_aeabi.S.o
                0x1000372c                __aeabi_mem_init
 .text.memset   0x1000373c        0xc CMakeFiles/tcode_simulator.dir/usr/share/pico-sdk/src/rp2_common/pico_mem_ops/mem_ops_aeabi.S.o
                0x1000373c                __wrap_memset
 .text.memcpy   0x10003748        0xc CMakeFiles/tcode_simulator.dir/usr/share/pico-sdk/src/rp2_common/pico_mem_ops/mem_ops_aeabi.S.o
                0x10003748                __wrap___aeabi_memcpy
                0x10003748                __wrap_memcpy
 .text._out_null
                0x10003754        0x4 CMakeFiles/tcode_simulator.dir/usr/share/pico-sdk/src/rp2_common/pico_printf/printf.c.o
 .text._out_rev
                0x10003758       0xac CMakeFiles/tcode_simulator.dir/usr/share/pico-sdk/src/rp2_common/pico_printf/printf.c.o
 .text._ntoa_format
                0x10003804      0x1cc CMakeFiles/tcode_simulator.dir/usr/share/pico-sdk/src/rp2_common/pico_printf/printf.c.o
 .text._out_char
                0x100039d0       0x10 CMakeFiles/tcode_simulator.dir/usr/share/pico-sdk/src/rp2_common/pico_printf/printf.c.o
 .text._out_fct
                0x100039e0       0x10 CMakeFiles/tcode_simulator.dir/usr/share/pico-sdk/src/rp2_common/pico_printf/printf.c.o
 .text._ftoa    0x100039f0      0x4a8 CMakeFiles/tcode_simulator.dir/usr/share/pico-sdk/src/rp2_common/pico_printf/printf.c.o
 .text._etoa    0x10003e98      0x57c CMakeFiles/tcode_simulator.dir/usr/share/pico-sdk/src/rp2_common/pico_printf/printf.c.o
 .text._vsnprintf
                0x10004414      0xbe0 CMakeFiles/tcode_simulator.dir/usr/share/pico-sdk/src/rp2_common/pico_printf/printf.c.o
 .text.vfctprintf
                0x10004ff4       0x24 CMakeFiles/tcode_simulator.dir/usr/share/pico-sdk/src/rp2_common/pico_printf/printf.c.o
                0x10004ff4                vfctprintf
 .text.weak_raw_vprintf
                0x10005018       0x30 CMakeFiles/tcode_simulator.dir/usr/share/pico-sdk/src/rp2_common/pico_printf/printf.c.o
                0x10005018                weak_raw_vprintf
 .text._exit    0x10005048        0x4 CMakeFiles/tcode_simulator.dir/usr/share/pico-sdk/src/rp2_common/pico_clib_interface/newlib_interface.c.o
                0x10005048                _exit
 .text._sbrk    0x1000504c       0x34 CMakeFiles/tcode_simulator.dir/usr/share/pico-sdk/src/rp2_common/pico_clib_interface/newlib_interface.c.o
                0x1000504c                _sbrk
 .text._read    0x10005080       0x24 CMakeFiles/tcode_simulator.dir/usr/share/pico-sdk/src/rp2_common/pico_clib_interface/newlib_interface.c.o
                0x10005080                _read
 .text._write   0x100050a4       0x24 CMakeFiles/tcode_simulator.dir/usr/share/pico-sdk/src/rp2_common/pico_clib_interface/newlib_interface.c.o
                0x100050a4                _write
 .text._close   0x100050c8        0x8 CMakeFiles/tcode_simulator.dir/usr/share/pico-sdk/src/rp2_common/pico_clib_interface/newlib_interface.c.o
                0x100050c8                _close
 .text._lseek   0x100050d0        0x8 CMakeFiles/tcode_simulator.dir/usr/share/pico-sdk/src/rp2_common/pico_clib_interface/newlib_interface.c.o
                0x100050d0                _lseek
 .text._fstat   0x100050d8        0x8 CMakeFiles/tcode_simulator.dir/usr/share/pico-sdk/src/rp2_common/pico_clib_interface/newlib_interface.c.o
                0x100050d8                _fstat
 .text.exit     0x100050e0        0x8 CMakeFiles/tcode_simulator.dir/usr/share/pico-sdk/src/rp2_common/pico_clib_interface/newlib_interface.c.o
                0x100050e0                exit
 .text.runtime_init
                0x100050e8       0x2c CMakeFiles/tcode_simulator.dir/usr/share/pico-sdk/src/rp2_common/pico_clib_interface/newlib_interface.c.o
                0x100050e8                runtime_init
 .text.stdio_out_chars_no_crlf
                0x10005114       0x10 CMakeFiles/tcode_simulator.dir/usr/share/pico-sdk/src/rp2_common/pico_stdio/stdio.c.o
 .text.stdio_out_chars_crlf
                0x10005124       0xb0 CMakeFiles/tcode_simulator.dir/usr/share/pico-sdk/src/rp2_common/pico_stdio/stdio.c.o
 .text.stdio_buffered_printer
                0x100051d4       0x64 CMakeFiles/tcode_simulator.dir/usr/share/pico-sdk/src/rp2_common/pico_stdio/stdio.c.o
 .text.stdio_put_string
                0x10005238       0xfc CMakeFiles/tcode_simulator.dir/usr/share/pico-sdk/src/rp2_common/pico_stdio/stdio.c.o
                0x10005238                stdio_put_string
 .text.stdio_get_until
                0x10005334       0x84 CMakeFiles/tcode_simulator.dir/usr/share/pico-sdk/src/rp2_common/pico_stdio/stdio.c.o
                0x10005334                stdio_get_until
 .text.stdio_set_driver_enabled
                0x100053b8       0x30 CMakeFiles/tcode_simulator.dir/usr/share/pico-sdk/src/rp2_common/pico_stdio/stdio.c.o
                0x100053b8                stdio_set_driver_enabled
 .text.stdio_init_all
                0x100053e8        0x8 CMakeFiles/tcode_simulator.dir/usr/share/pico-sdk/src/rp2_common/pico_stdio/stdio.c.o
                0x100053e8                stdio_init_all
 .text.stdio_getchar_timeout_us
                0x100053f0       0x98 CMakeFiles/tcode_simulator.dir/usr/share/pico-sdk/src/rp2_common/pico_stdio/stdio.c.o
                0x100053f0                stdio_getchar_timeout_us
 .text.__wrap_putchar
                0x10005488       0x94 CMakeFiles/tcode_simulator.dir/usr/share/pico-sdk/src/rp2_common/pico_stdio/stdio.c.o
                0x10005488                stdio_putchar
                0x10005488                __wrap_putchar
 .text.__wrap_puts
                0x1000551c       0x3c CMakeFiles/tcode_simulator.dir/usr/share/pico-sdk/src/rp2_common/pico_stdio/stdio.c.o
                0x1000551c                __wrap_puts
                0x1000551c                stdio_puts
 .text.__wrap_vprintf
                0x10005558       0xcc CMakeFiles/tcode_simulator.dir/usr/share/pico-sdk/src/rp2_common/pico_stdio/stdio.c.o
                0x10005558                __wrap_vprintf
                0x10005558                stdio_vprintf
 .text.__wrap_printf
                0x10005624       0x18 CMakeFiles/tcode_simulator.dir/usr/share/pico-sdk/src/rp2_common/pico_stdio/stdio.c.o
                0x10005624                stdio_printf
                0x10005624                __wrap_printf
 .text.resetd_init
                0x1000563c        0x4 CMakeFiles/tcode_simulator.dir/usr/share/pico-sdk/src/rp2_common/pico_stdio_usb/reset_interface.c.o
 .text.resetd_reset
                0x10005640        0xc CMakeFiles/tcode_simulator.dir/usr/share/pico-sdk/src/rp2_common/pico_stdio_usb/reset_interface.c.o
 .text.resetd_open
                0x1000564c       0x28 CMakeFiles/tcode_simulator.dir/usr/share/pico-sdk/src/rp2_common/pico_stdio_usb/reset_interface.c.o
 .text.resetd_xfer_cb
                0x10005674        0x4 CMakeFiles/tcode_simulator.dir/usr/share/pico-sdk/src/rp2_common/pico_stdio_usb/reset_interface.c.o
 .text.resetd_control_xfer_cb
                0x10005678       0x54 CMakeFiles/tcode_simulator.dir/usr/share/pico-sdk/src/rp2_common/pico_stdio_usb/reset_interface.c.o
 .text.tud_descriptor_bos_cb
                0x100056cc        0x8 CMakeFiles/tcode_simulator.dir/usr/share/pico-sdk/src/rp2_common/pico_stdio_usb/reset_interface.c.o
                0x100056cc                tud_descriptor_bos_cb
 .text.tud_vendor_control_xfer_cb
                0x100056d4       0x34 CMakeFiles/tcode_simulator.dir/usr/share/pico-sdk/src/rp2_common/pico_stdio_usb/reset_interface.c.o
                0x100056d4                tud_vendor_control_xfer_cb
 .text.usbd_app_driver_get_cb
                0x10005708        0xc CMakeFiles/tcode_simulator.dir/usr/share/pico-sdk/src/rp2_common/pico_stdio_usb/reset_interface.c.o
                0x10005708                usbd_app_driver_get_cb
 .text.tud_cdc_line_coding_cb
                0x10005714       0x2c CMakeFiles/tcode_simulator.dir/usr/share/pico-sdk/src/rp2_common/pico_stdio_usb/reset_interface.c.o
                0x10005714                tud_cdc_line_coding_cb
 .text.stdio_usb_set_chars_available_callback
                0x10005740       0x14 CMakeFiles/tcode_simulator.dir/usr/share/pico-sdk/src/rp2_common/pico_stdio_usb/stdio_usb.c.o
                0x10005740                stdio_usb_set_chars_available_callback
 .text.usb_irq  0x10005754       0x10 CMakeFiles/tcode_simulator.dir/usr/share/pico-sdk/src/rp2_common/pico_stdio_usb/stdio_usb.c.o
 .text.timer_task
                0x10005764       0x64 CMakeFiles/tcode_simulator.dir/usr/share/pico-sdk/src/rp2_common/pico_stdio_usb/stdio_usb.c.o
 .text.stdio_usb_in_chars
                0x100057c8       0x8c CMakeFiles/tcode_simulator.dir/usr/share/pico-sdk/src/rp2_common/pico_stdio_usb/stdio_usb.c.o
                0x100057c8                stdio_usb_in_chars
 .text.stdio_usb_out_flush
                0x10005854       0x4c CMakeFiles/tcode_simulator.dir/usr/share/pico-sdk/src/rp2_common/pico_stdio_usb/stdio_usb.c.o
 .text.stdio_usb_out_chars
                0x100058a0      0x100 CMakeFiles/tcode_simulator.dir/usr/share/pico-sdk/src/rp2_common/pico_stdio_usb/stdio_usb.c.o
 .text.low_priority_worker_irq
                0x100059a0       0xc8 CMakeFiles/tcode_simulator.dir/usr/share/pico-sdk/src/rp2_common/pico_stdio_usb/stdio_usb.c.o
 .text.stdio_usb_init
                0x10005a68       0xe8 CMakeFiles/tcode_simulator.dir/usr/share/pico-sdk/src/rp2_common/pico_stdio_usb/stdio_usb.c.o
                0x10005a68                stdio_usb_init
 .text.stdio_usb_connected
                0x10005b50        0xc CMakeFiles/tcode_simulator.dir/usr/share/pico-sdk/src/rp2_common/pico_stdio_usb/stdio_usb.c.o
                0x10005b50                stdio_usb_connected
 .text.tud_descriptor_device_cb
                0x10005b5c        0x8 CMakeFiles/tcode_simulator.dir/usr/share/pico-sdk/src/rp2_common/pico_stdio_usb/stdio_usb_descriptors.c.o
                0x10005b5c                tud_descriptor_device_cb
 .text.tud_descriptor_configuration_cb
                0x10005b64        0x8 CMakeFiles/tcode_simulator.dir/usr/share/pico-sdk/src/rp2_common/pico_stdio_usb/stdio_usb_descriptors.c.o
                0x10005b64                tud_descriptor_configuration_cb
 .text.tud_descriptor_string_cb
                0x10005b6c       0x78 CMakeFiles/tcode_simulator.dir/usr/share/pico-sdk/src/rp2_common/pico_stdio_usb/stdio_usb_descriptors.c.o
                0x10005b6c                tud_descriptor_string_cb
 .text.startup._retrieve_unique_id_on_boot
                0x10005be4       0x10 CMakeFiles/tcode_simulator.dir/usr/share/pico-sdk/src/rp2_common/pico_unique_id/unique_id.c.o
 .text.pico_get_unique_board_id_string
                0x10005bf4      0x1a8 CMakeFiles/tcode_simulator.dir/usr/share/pico-sdk/src/rp2_common/pico_unique_id/unique_id.c.o
                0x10005bf4                pico_get_unique_board_id_string
 .text.flash_get_unique_id
                0x10005d9c       0x3c CMakeFiles/tcode_simulator.dir/usr/share/pico-sdk/src/rp2_common/hardware_flash/flash.c.o
                0x10005d9c                flash_get_unique_id
 .text.dcd_init
                0x10005dd8       0x90 CMakeFiles/tcode_simulator.dir/usr/share/pico-sdk/lib/tinyusb/src/portable/raspberrypi/rp2040/dcd_rp2040.c.o
                0x10005dd8                dcd_init
 .text.dcd_int_enable
                0x10005e68        0xc CMakeFiles/tcode_simulator.dir/usr/share/pico-sdk/lib/tinyusb/src/portable/raspberrypi/rp2040/dcd_rp2040.c.o
                0x10005e68                dcd_int_enable
 .text.dcd_set_address
                0x10005e74       0x14 CMakeFiles/tcode_simulator.dir/usr/share/pico-sdk/lib/tinyusb/src/portable/raspberrypi/rp2040/dcd_rp2040.c.o
                0x10005e74                dcd_set_address
 .text.dcd_sof_enable
                0x10005e88       0x1c CMakeFiles/tcode_simulator.dir/usr/share/pico-sdk/lib/tinyusb/src/portable/raspberrypi/rp2040/dcd_rp2040.c.o
                0x10005e88                dcd_sof_enable
 .text.dcd_edpt0_status_complete
                0x10005ea4       0x1c CMakeFiles/tcode_simulator.dir/usr/share/pico-sdk/lib/tinyusb/src/portable/raspberrypi/rp2040/dcd_rp2040.c.o
                0x10005ea4                dcd_edpt0_status_complete
 .text.dcd_edpt_open
                0x10005ec0      0x114 CMakeFiles/tcode_simulator.dir/usr/share/pico-sdk/lib/tinyusb/src/portable/raspberrypi/rp2040/dcd_rp2040.c.o
                0x10005ec0                dcd_edpt_open
 .text.dcd_edpt_close_all
                0x10005fd4        0x8 CMakeFiles/tcode_simulator.dir/usr/share/pico-sdk/lib/tinyusb/src/portable/raspberrypi/rp2040/dcd_rp2040.c.o
                0x10005fd4                dcd_edpt_close_all
 .text.dcd_edpt_xfer
                0x10005fdc       0x24 CMakeFiles/tcode_simulator.dir/usr/share/pico-sdk/lib/tinyusb/src/portable/raspberrypi/rp2040/dcd_rp2040.c.o
                0x10005fdc                dcd_edpt_xfer
 .text.dcd_edpt_stall
                0x10006000       0x3c CMakeFiles/tcode_simulator.dir/usr/share/pico-sdk/lib/tinyusb/src/portable/raspberrypi/rp2040/dcd_rp2040.c.o
                0x10006000                dcd_edpt_stall
 .text.dcd_edpt_clear_stall
                0x1000603c       0x30 CMakeFiles/tcode_simulator.dir/usr/share/pico-sdk/lib/tinyusb/src/portable/raspberrypi/rp2040/dcd_rp2040.c.o
                0x1000603c                dcd_edpt_clear_stall
 .text.rp2040_usb_init
                0x1000606c       0x40 CMakeFiles/tcode_simulator.dir/usr/share/pico-sdk/lib/tinyusb/src/portable/raspberrypi/rp2040/rp2040_usb.c.o
                0x1000606c                rp2040_usb_init
 .text.hw_endpoint_xfer_start
                0x100060ac       0x40 CMakeFiles/tcode_simulator.dir/usr/share/pico-sdk/lib/tinyusb/src/portable/raspberrypi/rp2040/rp2040_usb.c.o
                0x100060ac                hw_endpoint_xfer_start
 .text.tud_event_hook_cb
                0x100060ec        0x4 CMakeFiles/tcode_simulator.dir/usr/share/pico-sdk/lib/tinyusb/src/device/usbd.c.o
                0x100060ec                tud_event_hook_cb
 .text.tud_sof_cb
                0x100060f0        0x4 CMakeFiles/tcode_simulator.dir/usr/share/pico-sdk/lib/tinyusb/src/device/usbd.c.o
                0x100060f0                tud_sof_cb
 .text.tud_descriptor_device_qualifier_cb
                0x100060f4        0x4 CMakeFiles/tcode_simulator.dir/usr/share/pico-sdk/lib/tinyusb/src/device/usbd.c.o
                0x100060f4                tud_descriptor_device_qualifier_cb
 .text.tud_descriptor_other_speed_configuration_cb
                0x100060f8        0x4 CMakeFiles/tcode_simulator.dir/usr/share/pico-sdk/lib/tinyusb/src/device/usbd.c.o
                0x100060f8                tud_descriptor_other_speed_configuration_cb
 .text.tud_mount_cb
                0x100060fc        0x4 CMakeFiles/tcode_simulator.dir/usr/share/pico-sdk/lib/tinyusb/src/device/usbd.c.o
                0x100060fc                tud_mount_cb
 .text.tud_umount_cb
                0x10006100        0x4 CMakeFiles/tcode_simulator.dir/usr/share/pico-sdk/lib/tinyusb/src/device/usbd.c.o
                0x10006100                tud_umount_cb
 .text.tud_suspend_cb
                0x10006104        0x4 CMakeFiles/tcode_simulator.dir/usr/share/pico-sdk/lib/tinyusb/src/device/usbd.c.o
                0x10006104                tud_suspend_cb
 .text.tud_resume_cb
                0x10006108        0x4 CMakeFiles/tcode_simulator.dir/usr/share/pico-sdk/lib/tinyusb/src/device/usbd.c.o
                0x10006108                tud_resume_cb
 .text.tud_mounted
                0x1000610c       0x10 CMakeFiles/tcode_simulator.dir/usr/share/pico-sdk/lib/tinyusb/src/device/usbd.c.o
                0x1000610c                tud_mounted
 .text.tud_suspended
                0x1000611c       0x10 CMakeFiles/tcode_simulator.dir/usr/share/pico-sdk/lib/tinyusb/src/device/usbd.c.o
                0x1000611c                tud_suspended
 .text.tud_rhport_init
                0x1000612c       0xf4 CMakeFiles/tcode_simulator.dir/usr/share/pico-sdk/lib/tinyusb/src/device/usbd.c.o
                0x1000612c                tud_rhport_init
 .text.tud_task_ext
                0x10006220      0x800 CMakeFiles/tcode_simulator.dir/usr/share/pico-sdk/lib/tinyusb/src/device/usbd.c.o
                0x10006220                tud_task_ext
 .text.usbd_open_edpt_pair
                0x10006a20       0x9c CMakeFiles/tcode_simulator.dir/usr/share/pico-sdk/lib/tinyusb/src/device/usbd.c.o
                0x10006a20                usbd_open_edpt_pair
 .text.usbd_edpt_open
                0x10006abc       0x34 CMakeFiles/tcode_simulator.dir/usr/share/pico-sdk/lib/tinyusb/src/device/usbd.c.o
                0x10006abc                usbd_edpt_open
 .text.usbd_edpt_claim
                0x10006af0       0x28 CMakeFiles/tcode_simulator.dir/usr/share/pico-sdk/lib/tinyusb/src/device/usbd.c.o
                0x10006af0                usbd_edpt_claim
 .text.usbd_edpt_release
                0x10006b18       0x28 CMakeFiles/tcode_simulator.dir/usr/share/pico-sdk/lib/tinyusb/src/device/usbd.c.o
                0x10006b18                usbd_edpt_release
 .text.usbd_edpt_xfer
                0x10006b40       0x4c CMakeFiles/tcode_simulator.dir/usr/share/pico-sdk/lib/tinyusb/src/device/usbd.c.o
                0x10006b40                usbd_edpt_xfer
 .text.tud_control_status
                0x10006b8c       0x2c CMakeFiles/tcode_simulator.dir/usr/share/pico-sdk/lib/tinyusb/src/device/usbd_control.c.o
                0x10006b8c                tud_control_status
 .text.tud_control_xfer
                0x10006bb8       0xa8 CMakeFiles/tcode_simulator.dir/usr/share/pico-sdk/lib/tinyusb/src/device/usbd_control.c.o
                0x10006bb8                tud_control_xfer
 .text.usbd_control_reset
                0x10006c60       0x14 CMakeFiles/tcode_simulator.dir/usr/share/pico-sdk/lib/tinyusb/src/device/usbd_control.c.o
                0x10006c60                usbd_control_reset
 .text.usbd_control_set_complete_callback
                0x10006c74        0xc CMakeFiles/tcode_simulator.dir/usr/share/pico-sdk/lib/tinyusb/src/device/usbd_control.c.o
                0x10006c74                usbd_control_set_complete_callback
 .text.usbd_control_set_request
                0x10006c80       0x1c CMakeFiles/tcode_simulator.dir/usr/share/pico-sdk/lib/tinyusb/src/device/usbd_control.c.o
                0x10006c80                usbd_control_set_request
 .text.usbd_control_xfer_cb
                0x10006c9c       0xec CMakeFiles/tcode_simulator.dir/usr/share/pico-sdk/lib/tinyusb/src/device/usbd_control.c.o
                0x10006c9c                usbd_control_xfer_cb
 .text._prep_out_transaction.isra.0
                0x10006d88       0x6c CMakeFiles/tcode_simulator.dir/usr/share/pico-sdk/lib/tinyusb/src/class/cdc/cdc_device.c.o
 .text.tud_cdc_n_connected
                0x10006df4       0x2c CMakeFiles/tcode_simulator.dir/usr/share/pico-sdk/lib/tinyusb/src/class/cdc/cdc_device.c.o
                0x10006df4                tud_cdc_n_connected
 .text.tud_cdc_n_available
                0x10006e20       0x14 CMakeFiles/tcode_simulator.dir/usr/share/pico-sdk/lib/tinyusb/src/class/cdc/cdc_device.c.o
                0x10006e20                tud_cdc_n_available
 .text.tud_cdc_n_read
                0x10006e34       0x88 CMakeFiles/tcode_simulator.dir/usr/share/pico-sdk/lib/tinyusb/src/class/cdc/cdc_device.c.o
                0x10006e34                tud_cdc_n_read
 .text.tud_cdc_n_write_flush
                0x10006ebc       0x74 CMakeFiles/tcode_simulator.dir/usr/share/pico-sdk/lib/tinyusb/src/class/cdc/cdc_device.c.o
                0x10006ebc                tud_cdc_n_write_flush
 .text.tud_cdc_n_write
                0x10006f30       0x40 CMakeFiles/tcode_simulator.dir/usr/share/pico-sdk/lib/tinyusb/src/class/cdc/cdc_device.c.o
                0x10006f30                tud_cdc_n_write
 .text.tud_cdc_n_write_available
                0x10006f70       0x14 CMakeFiles/tcode_simulator.dir/usr/share/pico-sdk/lib/tinyusb/src/class/cdc/cdc_device.c.o
                0x10006f70                tud_cdc_n_write_available
 .text.cdcd_init
                0x10006f84       0x70 CMakeFiles/tcode_simulator.dir/usr/share/pico-sdk/lib/tinyusb/src/class/cdc/cdc_device.c.o
                0x10006f84                cdcd_init
 .text.cdcd_deinit
                0x10006ff4       0x30 CMakeFiles/tcode_simulator.dir/usr/share/pico-sdk/lib/tinyusb/src/class/cdc/cdc_device.c.o
                0x10006ff4                cdcd_deinit
 .text.cdcd_reset
                0x10007024       0x4c CMakeFiles/tcode_simulator.dir/usr/share/pico-sdk/lib/tinyusb/src/class/cdc/cdc_device.c.o
                0x10007024                cdcd_reset
 .text.cdcd_open
                0x10007070       0xa4 CMakeFiles/tcode_simulator.dir/usr/share/pico-sdk/lib/tinyusb/src/class/cdc/cdc_device.c.o
                0x10007070                cdcd_open
 .text.cdcd_control_xfer_cb
                0x10007114       0xe8 CMakeFiles/tcode_simulator.dir/usr/share/pico-sdk/lib/tinyusb/src/class/cdc/cdc_device.c.o
                0x10007114                cdcd_control_xfer_cb
 .text.cdcd_xfer_cb
                0x100071fc      0x100 CMakeFiles/tcode_simulator.dir/usr/share/pico-sdk/lib/tinyusb/src/class/cdc/cdc_device.c.o
                0x100071fc                cdcd_xfer_cb
 .text.vendord_init
                0x100072fc       0x5c CMakeFiles/tcode_simulator.dir/usr/share/pico-sdk/lib/tinyusb/src/class/vendor/vendor_device.c.o
                0x100072fc                vendord_init
 .text.vendord_deinit
                0x10007358       0x1c CMakeFiles/tcode_simulator.dir/usr/share/pico-sdk/lib/tinyusb/src/class/vendor/vendor_device.c.o
                0x10007358                vendord_deinit
 .text.vendord_reset
                0x10007374       0x28 CMakeFiles/tcode_simulator.dir/usr/share/pico-sdk/lib/tinyusb/src/class/vendor/vendor_device.c.o
                0x10007374                vendord_reset
 .text.vendord_open
                0x1000739c      0x120 CMakeFiles/tcode_simulator.dir/usr/share/pico-sdk/lib/tinyusb/src/class/vendor/vendor_device.c.o
                0x1000739c                vendord_open
 .text.vendord_xfer_cb
                0x100074bc       0x9c CMakeFiles/tcode_simulator.dir/usr/share/pico-sdk/lib/tinyusb/src/class/vendor/vendor_device.c.o
                0x100074bc                vendord_xfer_cb
 .text.tusb_rhport_init
                0x10007558       0x4c CMakeFiles/tcode_simulator.dir/usr/share/pico-sdk/lib/tinyusb/src/tusb.c.o
                0x10007558                tusb_rhport_init
 .text.tu_edpt_claim
                0x100075a4       0x50 CMakeFiles/tcode_simulator.dir/usr/share/pico-sdk/lib/tinyusb/src/tusb.c.o
                0x100075a4                tu_edpt_claim
 .text.tu_edpt_release
                0x100075f4       0x38 CMakeFiles/tcode_simulator.dir/usr/share/pico-sdk/lib/tinyusb/src/tusb.c.o
                0x100075f4                tu_edpt_release
 .text.tu_edpt_validate
                0x1000762c       0x7c CMakeFiles/tcode_simulator.dir/usr/share/pico-sdk/lib/tinyusb/src/tusb.c.o
                0x1000762c                tu_edpt_validate
 .text.tu_edpt_bind_driver
                0x100076a8       0x34 CMakeFiles/tcode_simulator.dir/usr/share/pico-sdk/lib/tinyusb/src/tusb.c.o
                0x100076a8                tu_edpt_bind_driver
 .text.tu_edpt_stream_init
                0x100076dc       0x6c CMakeFiles/tcode_simulator.dir/usr/share/pico-sdk/lib/tinyusb/src/tusb.c.o
                0x100076dc                tu_edpt_stream_init
 .text.tu_edpt_stream_deinit
                0x10007748        0x4 CMakeFiles/tcode_simulator.dir/usr/share/pico-sdk/lib/tinyusb/src/tusb.c.o
                0x10007748                tu_edpt_stream_deinit
 .text.tu_edpt_stream_write_zlp_if_needed
                0x1000774c       0x68 CMakeFiles/tcode_simulator.dir/usr/share/pico-sdk/lib/tinyusb/src/tusb.c.o
                0x1000774c                tu_edpt_stream_write_zlp_if_needed
 .text.tu_edpt_stream_write_xfer
                0x100077b4       0x68 CMakeFiles/tcode_simulator.dir/usr/share/pico-sdk/lib/tinyusb/src/tusb.c.o
                0x100077b4                tu_edpt_stream_write_xfer
 .text.tu_edpt_stream_read_xfer
                0x1000781c       0xd8 CMakeFiles/tcode_simulator.dir/usr/share/pico-sdk/lib/tinyusb/src/tusb.c.o
                0x1000781c                tu_edpt_stream_read_xfer
 .text.tu_fifo_config
                0x100078f4       0x6c CMakeFiles/tcode_simulator.dir/usr/share/pico-sdk/lib/tinyusb/src/common/tusb_fifo.c.o
                0x100078f4                tu_fifo_config
 .text.tu_fifo_count
                0x10007960       0x2c CMakeFiles/tcode_simulator.dir/usr/share/pico-sdk/lib/tinyusb/src/common/tusb_fifo.c.o
                0x10007960                tu_fifo_count
 .text.tu_fifo_empty
                0x1000798c       0x10 CMakeFiles/tcode_simulator.dir/usr/share/pico-sdk/lib/tinyusb/src/common/tusb_fifo.c.o
                0x1000798c                tu_fifo_empty
 .text.tu_fifo_remaining
                0x1000799c       0x2c CMakeFiles/tcode_simulator.dir/usr/share/pico-sdk/lib/tinyusb/src/common/tusb_fifo.c.o
                0x1000799c                tu_fifo_remaining
 .text.tu_fifo_read
                0x100079c8       0x9c CMakeFiles/tcode_simulator.dir/usr/share/pico-sdk/lib/tinyusb/src/common/tusb_fifo.c.o
                0x100079c8                tu_fifo_read
 .text.tu_fifo_read_n
                0x10007a64       0xe8 CMakeFiles/tcode_simulator.dir/usr/share/pico-sdk/lib/tinyusb/src/common/tusb_fifo.c.o
                0x10007a64                tu_fifo_read_n
 .text.tu_fifo_write
                0x10007b4c       0xa4 CMakeFiles/tcode_simulator.dir/usr/share/pico-sdk/lib/tinyusb/src/common/tusb_fifo.c.o
                0x10007b4c                tu_fifo_write
 .text.tu_fifo_write_n
                0x10007bf0      0x178 CMakeFiles/tcode_simulator.dir/usr/share/pico-sdk/lib/tinyusb/src/common/tusb_fifo.c.o
                0x10007bf0                tu_fifo_write_n
 .text.tu_fifo_clear
                0x10007d68       0x40 CMakeFiles/tcode_simulator.dir/usr/share/pico-sdk/lib/tinyusb/src/common/tusb_fifo.c.o
                0x10007d68                tu_fifo_clear
 .text.tu_fifo_set_overwritable
                0x10007da8       0x48 CMakeFiles/tcode_simulator.dir/usr/share/pico-sdk/lib/tinyusb/src/common/tusb_fifo.c.o
                0x10007da8                tu_fifo_set_overwritable
 .text.pio_claim_unused_sm
                0x10007df0       0x38 CMakeFiles/tcode_simulator.dir/usr/share/pico-sdk/src/rp2_common/hardware_pio/pio.c.o
                0x10007df0                pio_claim_unused_sm
 .text.pio_add_program
                0x10007e28       0xf8 CMakeFiles/tcode_simulator.dir/usr/share/pico-sdk/src/rp2_common/hardware_pio/pio.c.o
                0x10007e28                pio_add_program
 .text.pio_sm_set_consecutive_pindirs
                0x10007f20       0xb4 CMakeFiles/tcode_simulator.dir/usr/share/pico-sdk/src/rp2_common/hardware_pio/pio.c.o
                0x10007f20                pio_sm_set_consecutive_pindirs
 .text.pio_sm_init
                0x10007fd4       0x9c CMakeFiles/tcode_simulator.dir/usr/share/pico-sdk/src/rp2_common/hardware_pio/pio.c.o
                0x10007fd4                pio_sm_init
 .text          0x10008070     0x1d80 libfreertos_kernel.a(tasks.c.o)
                0x10008690                xTaskCreate
                0x100086b4                vTaskDelete
                0x10008784                uxTaskPriorityGet
                0x100087bc                uxTaskPriorityGetFromISR
                0x100087f4                uxTaskBasePriorityGet
                0x1000882c                uxTaskBasePriorityGetFromISR
                0x10008864                vTaskPrioritySet
                0x10008954                vTaskSuspend
                0x10008a30                vTaskResume
                0x10008acc                xTaskResumeFromISR
                0x10008ba8                vTaskStartScheduler
                0x10008c28                vTaskEndScheduler
                0x10008c88                vTaskSuspendAll
                0x10008c98                xTaskResumeAll
                0x10008df4                xTaskDelayUntil
                0x10008ed0                vTaskDelay
                0x10008f54                xTaskGetTickCount
                0x10008f60                xTaskGetTickCountFromISR
                0x10008f6c                uxTaskGetNumberOfTasks
                0x10008f78                pcTaskGetName
                0x10008fa4                xTaskCatchUpTicks
                0x10008fe8                xTaskIncrementTick
                0x1000900c                vTaskSwitchContext
                0x10009028                vTaskPlaceOnEventList
                0x100090cc                vTaskPlaceOnUnorderedEventList
                0x100091ac                vTaskPlaceOnEventListRestricted
                0x10009278                xTaskRemoveFromEventList
                0x1000935c                vTaskRemoveFromUnorderedEventList
                0x10009440                vTaskSetTimeOutState
                0x10009474                vTaskInternalSetTimeOutState
                0x10009484                xTaskCheckForTimeOut
                0x10009500                vTaskMissedYield
                0x1000950c                xTaskGetCurrentTaskHandle
                0x10009518                xTaskGetCurrentTaskHandleForCore
                0x1000952c                xTaskGetSchedulerState
                0x10009544                xTaskPriorityInherit
                0x100095d8                xTaskPriorityDisinherit
                0x10009678                vTaskPriorityDisinheritAfterTimeout
                0x10009738                uxTaskResetEventItemValue
                0x10009750                pvTaskIncrementMutexHeldCount
                0x10009764                ulTaskGenericNotifyTake
                0x10009830                xTaskGenericNotifyWait
                0x1000990c                xTaskGenericNotify
                0x10009a4c                xTaskGenericNotifyFromISR
                0x10009bcc                vTaskGenericNotifyGiveFromISR
                0x10009cf8                xTaskGenericNotifyStateClear
                0x10009d5c                ulTaskGenericNotifyValueClear
                0x10009dc0                vTaskResetState
 .text          0x10009df0      0x740 libfreertos_kernel.a(timers.c.o)
                0x1000a19c                xTimerCreateTimerTask
                0x1000a218                xTimerCreate
                0x1000a2d4                xTimerGenericCommandFromTask
                0x1000a330                xTimerGenericCommandFromISR
                0x1000a378                xTimerGetTimerDaemonTaskHandle
                0x1000a3a0                xTimerGetPeriod
                0x1000a3c0                vTimerSetReloadMode
                0x1000a3fc                xTimerGetReloadMode
                0x1000a42c                uxTimerGetReloadMode
                0x1000a45c                xTimerGetExpiryTime
                0x1000a47c                pcTimerGetName
                0x1000a49c                xTimerIsTimerActive
                0x1000a4cc                pvTimerGetTimerID
                0x1000a4f4                vTimerSetTimerID
                0x1000a520                vTimerResetState
 .text          0x1000a530      0x244 libfreertos_kernel.a(port.c.o)
                0x1000a564                vPortSetupTimerInterrupt
                0x1000a58c                vPortYield
                0x1000a5a4                vPortEnterCritical
                0x1000a5bc                vPortExitCritical
                0x1000a5f0                SysTick_Handler
                0x1000a614                vPortSVCHandler_C
                0x1000a63c                pxPortInitialiseStack
                0x1000a6dc                xPortStartScheduler
                0x1000a740                vPortEndScheduler
                0x1000a768                xPortIsInsideInterrupt
 *fill*         0x1000a774        0xc 
 .text          0x1000a780       0xe8 libfreertos_kernel.a(portasm.c.o)
                0x1000a780                vRestoreContextOfFirstTask
                0x1000a7a0                xIsPrivileged
                0x1000a7c0                vRaisePrivilege
                0x1000a7d0                vResetPrivilege
                0x1000a7e0                vStartFirstTask
                0x1000a7f0                ulSetInterruptMask
                0x1000a7f8                vClearInterruptMask
                0x1000a800                PendSV_Handler
                0x1000a840                SVC_Handler
 .text          0x1000a868      0x404 libfreertos_kernel.a(heap_4.c.o)
                0x1000a868                pvPortMalloc
                0x1000aa48                vPortFree
                0x1000ab64                xPortGetFreeHeapSize
                0x1000ab70                xPortGetMinimumEverFreeHeapSize
                0x1000ab7c                xPortResetHeapMinimumEverFreeHeapSize
                0x1000ab88                vPortInitialiseBlocks
                0x1000ab8c                pvPortCalloc
                0x1000abdc                vPortGetHeapStats
                0x1000ac58                vPortHeapResetState
 .text          0x1000ac6c       0x88 libfreertos_kernel.a(list.c.o)
                0x1000ac6c                vListInitialise
                0x1000ac84                vListInitialiseItem
                0x1000ac8c                vListInsertEnd
                0x1000aca4                vListInsert
                0x1000acd4                uxListRemove
 .text          0x1000acf4     0x14b8 libfreertos_kernel.a(queue.c.o)
                0x1000ad6c                xQueueGenericReset
                0x1000ae2c                xQueueGenericCreate
                0x1000aed8                xQueueCreateCountingSemaphore
                0x1000af4c                xQueueGenericSend
                0x1000b260                xQueueCreateMutex
                0x1000b2c4                xQueueGiveMutexRecursive
                0x1000b30c                xQueueGenericSendFromISR
                0x1000b408                xQueueGiveFromISR
                0x1000b4cc                xQueueReceive
                0x1000b7d8                xQueueSemaphoreTake
                0x1000bb10                xQueueTakeMutexRecursive
                0x1000bb80                xQueuePeek
                0x1000be78                xQueueReceiveFromISR
                0x1000bf58                xQueuePeekFromISR
                0x1000bff0                uxQueueMessagesWaiting
                0x1000c018                uxQueueSpacesAvailable
                0x1000c044                uxQueueMessagesWaitingFromISR
                0x1000c064                vQueueDelete
                0x1000c088                uxQueueGetQueueItemSize
                0x1000c08c                uxQueueGetQueueLength
                0x1000c090                xQueueIsQueueEmptyFromISR
                0x1000c0b4                xQueueIsQueueFullFromISR
                0x1000c0dc                vQueueWaitForMessageRestricted
 .text.atexit   0x1000c1ac       0x10 /usr/lib/gcc/arm-none-eabi/14.2.0/../../../../arm-none-eabi/lib/thumb/v6-m/nofp/libg.a(libc_a-atexit.o)
                0x1000c1ac                atexit
 .text.atoi     0x1000c1bc        0xc /usr/lib/gcc/arm-none-eabi/14.2.0/../../../../arm-none-eabi/lib/thumb/v6-m/nofp/libg.a(libc_a-atoi.o)
                0x1000c1bc                atoi
 .text.malloc   0x1000c1c8       0x14 /usr/lib/gcc/arm-none-eabi/14.2.0/../../../../arm-none-eabi/lib/thumb/v6-m/nofp/libg.a(libc_a-malloc.o)
                0x1000c1c8                malloc
 .text._malloc_r
                0x1000c1dc      0x5cc /usr/lib/gcc/arm-none-eabi/14.2.0/../../../../arm-none-eabi/lib/thumb/v6-m/nofp/libg.a(libc_a-mallocr.o)
                0x1000c1dc                _malloc_r
 .text.__malloc_lock
                0x1000c7a8       0x10 /usr/lib/gcc/arm-none-eabi/14.2.0/../../../../arm-none-eabi/lib/thumb/v6-m/nofp/libg.a(libc_a-mlock.o)
                0x1000c7a8                __malloc_lock
 .text.__malloc_unlock
                0x1000c7b8       0x10 /usr/lib/gcc/arm-none-eabi/14.2.0/../../../../arm-none-eabi/lib/thumb/v6-m/nofp/libg.a(libc_a-mlock.o)
                0x1000c7b8                __malloc_unlock
 .text._strtol_l.isra.0
                0x1000c7c8      0x158 /usr/lib/gcc/arm-none-eabi/14.2.0/../../../../arm-none-eabi/lib/thumb/v6-m/nofp/libg.a(libc_a-strtol.o)
 .text.strtol   0x1000c920       0x18 /usr/lib/gcc/arm-none-eabi/14.2.0/../../../../arm-none-eabi/lib/thumb/v6-m/nofp/libg.a(libc_a-strtol.o)
                0x1000c920                strtol
 .text.__sflush_r
                0x1000c938      0x13c /usr/lib/gcc/arm-none-eabi/14.2.0/../../../../arm-none-eabi/lib/thumb/v6-m/nofp/libg.a(libc_a-fflush.o)
                0x1000c938                __sflush_r
 .text._fflush_r
                0x1000ca74       0x68 /usr/lib/gcc/arm-none-eabi/14.2.0/../../../../arm-none-eabi/lib/thumb/v6-m/nofp/libg.a(libc_a-fflush.o)
                0x1000ca74                _fflush_r
 .text.fflush   0x1000cadc       0x7c /usr/lib/gcc/arm-none-eabi/14.2.0/../../../../arm-none-eabi/lib/thumb/v6-m/nofp/libg.a(libc_a-fflush.o)
                0x1000cadc                fflush
 .text.stdio_exit_handler
                0x1000cb58       0x1c /usr/lib/gcc/arm-none-eabi/14.2.0/../../../../arm-none-eabi/lib/thumb/v6-m/nofp/libg.a(libc_a-findfp.o)
 .text.cleanup_stdio
                0x1000cb74       0x3c /usr/lib/gcc/arm-none-eabi/14.2.0/../../../../arm-none-eabi/lib/thumb/v6-m/nofp/libg.a(libc_a-findfp.o)
 .text.global_stdio_init.part.0
                0x1000cbb0      0x118 /usr/lib/gcc/arm-none-eabi/14.2.0/../../../../arm-none-eabi/lib/thumb/v6-m/nofp/libg.a(libc_a-findfp.o)
 .text.__sinit  0x1000ccc8       0x38 /usr/lib/gcc/arm-none-eabi/14.2.0/../../../../arm-none-eabi/lib/thumb/v6-m/nofp/libg.a(libc_a-findfp.o)
                0x1000ccc8                __sinit
 .text.__sfp_lock_acquire
                0x1000cd00       0x10 /usr/lib/gcc/arm-none-eabi/14.2.0/../../../../arm-none-eabi/lib/thumb/v6-m/nofp/libg.a(libc_a-findfp.o)
                0x1000cd00                __sfp_lock_acquire
 .text.__sfp_lock_release
                0x1000cd10       0x10 /usr/lib/gcc/arm-none-eabi/14.2.0/../../../../arm-none-eabi/lib/thumb/v6-m/nofp/libg.a(libc_a-findfp.o)
                0x1000cd10                __sfp_lock_release
 .text._fwalk_sglue
                0x1000cd20       0x44 /usr/lib/gcc/arm-none-eabi/14.2.0/../../../../arm-none-eabi/lib/thumb/v6-m/nofp/libg.a(libc_a-fwalk.o)
                0x1000cd20                _fwalk_sglue
 .text.setvbuf  0x1000cd64      0x1a8 /usr/lib/gcc/arm-none-eabi/14.2.0/../../../../arm-none-eabi/lib/thumb/v6-m/nofp/libg.a(libc_a-setvbuf.o)
                0x1000cd64                setvbuf
 .text.__sread  0x1000cf0c       0x28 /usr/lib/gcc/arm-none-eabi/14.2.0/../../../../arm-none-eabi/lib/thumb/v6-m/nofp/libg.a(libc_a-stdio.o)
                0x1000cf0c                __sread
 .text.__swrite
                0x1000cf34       0x40 /usr/lib/gcc/arm-none-eabi/14.2.0/../../../../arm-none-eabi/lib/thumb/v6-m/nofp/libg.a(libc_a-stdio.o)
                0x1000cf34                __swrite
 .text.__sseek  0x1000cf74       0x2c /usr/lib/gcc/arm-none-eabi/14.2.0/../../../../arm-none-eabi/lib/thumb/v6-m/nofp/libg.a(libc_a-stdio.o)
                0x1000cf74                __sseek
 .text.__sclose
                0x1000cfa0        0xc /usr/lib/gcc/arm-none-eabi/14.2.0/../../../../arm-none-eabi/lib/thumb/v6-m/nofp/libg.a(libc_a-stdio.o)
                0x1000cfa0                __sclose
 .text.strrchr  0x1000cfac       0x2c /usr/lib/gcc/arm-none-eabi/14.2.0/../../../../arm-none-eabi/lib/thumb/v6-m/nofp/libg.a(libc_a-strrchr.o)
                0x1000cfac                strrchr
 .text._close_r
                0x1000cfd8       0x24 /usr/lib/gcc/arm-none-eabi/14.2.0/../../../../arm-none-eabi/lib/thumb/v6-m/nofp/libg.a(libc_a-closer.o)
                0x1000cfd8                _close_r
 .text._lseek_r
                0x1000cffc       0x28 /usr/lib/gcc/arm-none-eabi/14.2.0/../../../../arm-none-eabi/lib/thumb/v6-m/nofp/libg.a(libc_a-lseekr.o)
                0x1000cffc                _lseek_r
 .text._read_r  0x1000d024       0x28 /usr/lib/gcc/arm-none-eabi/14.2.0/../../../../arm-none-eabi/lib/thumb/v6-m/nofp/libg.a(libc_a-readr.o)
                0x1000d024                _read_r
 .text._sbrk_r  0x1000d04c       0x24 /usr/lib/gcc/arm-none-eabi/14.2.0/../../../../arm-none-eabi/lib/thumb/v6-m/nofp/libg.a(libc_a-sbrkr.o)
                0x1000d04c                _sbrk_r
 .text._write_r
                0x1000d070       0x28 /usr/lib/gcc/arm-none-eabi/14.2.0/../../../../arm-none-eabi/lib/thumb/v6-m/nofp/libg.a(libc_a-writer.o)
                0x1000d070                _write_r
 .text.__errno  0x1000d098        0xc /usr/lib/gcc/arm-none-eabi/14.2.0/../../../../arm-none-eabi/lib/thumb/v6-m/nofp/libg.a(libc_a-errno.o)
                0x1000d098                __errno
 .text.__libc_fini_array
                0x1000d0a4       0x28 /usr/lib/gcc/arm-none-eabi/14.2.0/../../../../arm-none-eabi/lib/thumb/v6-m/nofp/libg.a(libc_a-fini.o)
                0x1000d0a4                __libc_fini_array
 .text.__retarget_lock_init_recursive
                0x1000d0cc        0x4 /usr/lib/gcc/arm-none-eabi/14.2.0/../../../../arm-none-eabi/lib/thumb/v6-m/nofp/libg.a(libc_a-lock.o)
                0x1000d0cc                __retarget_lock_init_recursive
 .text.__retarget_lock_close_recursive
                0x1000d0d0        0x4 /usr/lib/gcc/arm-none-eabi/14.2.0/../../../../arm-none-eabi/lib/thumb/v6-m/nofp/libg.a(libc_a-lock.o)
                0x1000d0d0                __retarget_lock_close_recursive
 .text.__retarget_lock_acquire_recursive
                0x1000d0d4        0x4 /usr/lib/gcc/arm-none-eabi/14.2.0/../../../../arm-none-eabi/lib/thumb/v6-m/nofp/libg.a(libc_a-lock.o)
                0x1000d0d4                __retarget_lock_acquire_recursive
 .text.__retarget_lock_release_recursive
                0x1000d0d8        0x4 /usr/lib/gcc/arm-none-eabi/14.2.0/../../../../arm-none-eabi/lib/thumb/v6-m/nofp/libg.a(libc_a-lock.o)
                0x1000d0d8                __retarget_lock_release_recursive
 .text.sysconf  0x1000d0dc       0x1c /usr/lib/gcc/arm-none-eabi/14.2.0/../../../../arm-none-eabi/lib/thumb/v6-m/nofp/libg.a(libc_a-sysconf.o)
                0x1000d0dc                sysconf
 .text          0x1000d0f8       0x88 /usr/lib/gcc/arm-none-eabi/14.2.0/../../../../arm-none-eabi/lib/thumb/v6-m/nofp/libg.a(libc_a-strcmp.o)
                0x1000d0f8                strcmp
 .text.strlen   0x1000d180       0x5c /usr/lib/gcc/arm-none-eabi/14.2.0/../../../../arm-none-eabi/lib/thumb/v6-m/nofp/libg.a(libc_a-strlen-stub.o)
                0x1000d180                strlen
 .text.__register_exitproc
                0x1000d1dc       0xa8 /usr/lib/gcc/arm-none-eabi/14.2.0/../../../../arm-none-eabi/lib/thumb/v6-m/nofp/libg.a(libc_a-__atexit.o)
                0x1000d1dc                __register_exitproc
 .text.startup.register_fini
                0x1000d284       0x18 /usr/lib/gcc/arm-none-eabi/14.2.0/../../../../arm-none-eabi/lib/thumb/v6-m/nofp/libg.a(libc_a-__call_atexit.o)
 .text._malloc_trim_r
                0x1000d29c       0xb4 /usr/lib/gcc/arm-none-eabi/14.2.0/../../../../arm-none-eabi/lib/thumb/v6-m/nofp/libg.a(libc_a-freer.o)
                0x1000d29c                _malloc_trim_r
 .text._free_r  0x1000d350      0x1f0 /usr/lib/gcc/arm-none-eabi/14.2.0/../../../../arm-none-eabi/lib/thumb/v6-m/nofp/libg.a(libc_a-freer.o)
                0x1000d350                _free_r
 .text._fclose_r
                0x1000d540       0xcc /usr/lib/gcc/arm-none-eabi/14.2.0/../../../../arm-none-eabi/lib/thumb/v6-m/nofp/libg.a(libc_a-fclose.o)
                0x1000d540                _fclose_r
 .text.__swhatbuf_r
                0x1000d60c       0x58 /usr/lib/gcc/arm-none-eabi/14.2.0/../../../../arm-none-eabi/lib/thumb/v6-m/nofp/libg.a(libc_a-makebuf.o)
                0x1000d60c                __swhatbuf_r
 .text.strchr   0x1000d664       0xc4 /usr/lib/gcc/arm-none-eabi/14.2.0/../../../../arm-none-eabi/lib/thumb/v6-m/nofp/libg.a(libc_a-strchr.o)
                0x1000d664                strchr
 .text._fstat_r
                0x1000d728       0x28 /usr/lib/gcc/arm-none-eabi/14.2.0/../../../../arm-none-eabi/lib/thumb/v6-m/nofp/libg.a(libc_a-fstatr.o)
                0x1000d728                _fstat_r
 *(.fini)
 .fini          0x1000d750        0x4 /usr/lib/gcc/arm-none-eabi/14.2.0/thumb/v6-m/nofp/crti.o
                0x1000d750                _fini
 *fill*         0x1000d754        0x4 
 .fini.__stub   0x1000d758       0xc0 linker stubs
 *crtbegin.o(.ctors)
 *crtbegin?.o(.ctors)
 *(EXCLUDE_FILE(*crtend.o *crtend?.o) .ctors)
 *(SORT_BY_NAME(.ctors.*))
 *(.ctors)
 *crtbegin.o(.dtors)
 *crtbegin?.o(.dtors)
 *(EXCLUDE_FILE(*crtend.o *crtend?.o) .dtors)
 *(SORT_BY_NAME(.dtors.*))
 *(.dtors)
                0x1000d818                        . = ALIGN (0x4)
                0x1000d818                        PROVIDE (__preinit_array_start = .)
 *(SORT_BY_NAME(.preinit_array.*))
 .preinit_array.00100
                0x1000d818        0x4 CMakeFiles/tcode_simulator.dir/usr/share/pico-sdk/src/rp2_common/pico_runtime_init/runtime_init.c.o
                0x1000d818                __pre_init_runtime_init_early_resets
 .preinit_array.00101
                0x1000d81c        0x4 CMakeFiles/tcode_simulator.dir/usr/share/pico-sdk/src/rp2_common/pico_runtime_init/runtime_init.c.o
                0x1000d81c                __pre_init_runtime_init_usb_power_down
 .preinit_array.00275
                0x1000d820        0x4 CMakeFiles/tcode_simulator.dir/usr/share/pico-sdk/src/rp2_common/pico_bit_ops/bit_ops_aeabi.S.o
 .preinit_array.00300
                0x1000d824        0x4 CMakeFiles/tcode_simulator.dir/usr/share/pico-sdk/src/rp2_common/pico_mem_ops/mem_ops_aeabi.S.o
 .preinit_array.00350
                0x1000d828        0x4 CMakeFiles/tcode_simulator.dir/usr/share/pico-sdk/src/rp2_common/pico_double/double_aeabi_rp2040.S.o
 .preinit_array.00350
                0x1000d82c        0x4 CMakeFiles/tcode_simulator.dir/usr/share/pico-sdk/src/rp2_common/pico_float/float_aeabi_rp2040.S.o
 .preinit_array.00500
                0x1000d830        0x4 CMakeFiles/tcode_simulator.dir/usr/share/pico-sdk/src/rp2_common/pico_runtime_init/runtime_init.c.o
                0x1000d830                __pre_init_runtime_init_clocks
 .preinit_array.00600
                0x1000d834        0x4 CMakeFiles/tcode_simulator.dir/usr/share/pico-sdk/src/rp2_common/pico_runtime_init/runtime_init.c.o
                0x1000d834                __pre_init_runtime_init_post_clock_resets
 .preinit_array.00700
                0x1000d838        0x4 CMakeFiles/tcode_simulator.dir/usr/share/pico-sdk/src/rp2_common/pico_runtime_init/runtime_init.c.o
                0x1000d838                __pre_init_runtime_init_rp2040_gpio_ie_disable
 .preinit_array.01000
                0x1000d83c        0x4 CMakeFiles/tcode_simulator.dir/usr/share/pico-sdk/src/rp2_common/pico_runtime_init/runtime_init.c.o
                0x1000d83c                __pre_init_runtime_init_spin_locks_reset
 .preinit_array.01100
                0x1000d840        0x4 CMakeFiles/tcode_simulator.dir/usr/share/pico-sdk/src/common/pico_sync/mutex.c.o
                0x1000d840                __pre_init_runtime_init_mutex
 .preinit_array.10080
                0x1000d844        0x4 CMakeFiles/tcode_simulator.dir/usr/share/pico-sdk/src/rp2_common/pico_runtime_init/runtime_init.c.o
                0x1000d844                __pre_init_runtime_init_install_ram_vector_table
 .preinit_array.11000
                0x1000d848        0x4 CMakeFiles/tcode_simulator.dir/usr/share/pico-sdk/src/common/pico_time/time.c.o
                0x1000d848                __pre_init_runtime_init_default_alarm_pool
 .preinit_array.YYYYY
                0x1000d84c        0x4 CMakeFiles/tcode_simulator.dir/usr/share/pico-sdk/src/rp2_common/pico_runtime/runtime.c.o
                0x1000d84c                __pre_init_first_per_core_initializer
 .preinit_array.ZZZZZ.01200
                0x1000d850        0x4 CMakeFiles/tcode_simulator.dir/usr/share/pico-sdk/src/rp2_common/hardware_irq/irq.c.o
                0x1000d850                __pre_init_runtime_init_per_core_irq_priorities
 *(.preinit_array)
                0x1000d854                        PROVIDE (__preinit_array_end = .)
                0x1000d854                        . = ALIGN (0x4)
                0x1000d854                        PROVIDE (__init_array_start = .)
 *(SORT_BY_NAME(.init_array.*))
 .init_array.00000
                0x1000d854        0x4 /usr/lib/gcc/arm-none-eabi/14.2.0/../../../../arm-none-eabi/lib/thumb/v6-m/nofp/libg.a(libc_a-__call_atexit.o)
 .init_array.01000
                0x1000d858        0x4 CMakeFiles/tcode_simulator.dir/usr/share/pico-sdk/src/rp2_common/pico_unique_id/unique_id.c.o
 *(.init_array)
 .init_array    0x1000d85c        0x4 /usr/lib/gcc/arm-none-eabi/14.2.0/thumb/v6-m/nofp/crtbegin.o
                0x1000d860                        PROVIDE (__init_array_end = .)
                0x1000d860                        . = ALIGN (0x4)
                0x1000d860                        PROVIDE (__fini_array_start = .)
 *(SORT_BY_NAME(.fini_array.*))
 *(.fini_array)
                0x1000d860                        PROVIDE (__fini_array_end = .)
 *(.eh_frame*)
 .eh_frame      0x1000d860        0x0 /usr/lib/gcc/arm-none-eabi/14.2.0/thumb/v6-m/nofp/crtbegin.o
                0x1000d860                        . = ALIGN (0x4)

.glue_7         0x1000d860        0x0
 .glue_7        0x1000d860        0x0 linker stubs

.glue_7t        0x1000d860        0x0
 .glue_7t       0x1000d860        0x0 linker stubs

.vfp11_veneer   0x1000d860        0x0
 .vfp11_veneer  0x1000d860        0x0 linker stubs

.v4_bx          0x1000d860        0x0
 .v4_bx         0x1000d860        0x0 linker stubs

.iplt           0x1000d860        0x0
 .iplt          0x1000d860        0x0 /usr/lib/gcc/arm-none-eabi/14.2.0/thumb/v6-m/nofp/crtbegin.o

.rodata         0x1000d860      0xd0c
 *(EXCLUDE_FILE(*libm.a: *libc.a:*lib_a-mem*.o *libgcc.a:) .rodata*)
 .rodata.heartbeat_task.str1.4
                0x1000d860      0x684 CMakeFiles/tcode_simulator.dir/main.c.o
                                  0x2 (size before relaxing)
 .rodata.main.str1.4
                0x1000dee4        0xa CMakeFiles/tcode_simulator.dir/main.c.o
 .rodata.thermo_cfg.0
                0x1000dee4       0x48 CMakeFiles/tcode_simulator.dir/main.c.o
 .rodata.serial_cfg.1
                0x1000df2c        0x4 CMakeFiles/tcode_simulator.dir/main.c.o
 .rodata.ws2812_program
                0x1000df30        0x8 CMakeFiles/tcode_simulator.dir/lib/neopixel_ws2812/neopixel_ws2812.c.o
 .rodata.ws2812_program_instructions
                0x1000df38        0x8 CMakeFiles/tcode_simulator.dir/lib/neopixel_ws2812/neopixel_ws2812.c.o
 .rodata.tcode_status_str.str1.4
                0x1000df40        0x8 CMakeFiles/tcode_simulator.dir/lib/tcode_protocol/tcode_protocol.c.o
 .rodata.str1.4
                0x1000df40       0x3e CMakeFiles/tcode_simulator.dir/lib/tcode_protocol/tcode_protocol.c.o
 .rodata.CSWTCH.8
                0x1000df40       0x14 CMakeFiles/tcode_simulator.dir/lib/tcode_protocol/tcode_protocol.c.o
 .rodata.sim_thermo_system_task_create.str1.4
                0x1000df54        0xb CMakeFiles/tcode_simulator.dir/tasks/sim_thermo_system_task.c.o
 .rodata.serial_task.str1.4
                0x1000df54      0x298 CMakeFiles/tcode_simulator.dir/tasks/serial_task.c.o
 .rodata.serial_task_create.str1.4
                0x1000df54        0x7 CMakeFiles/tcode_simulator.dir/tasks/serial_task.c.o
 .rodata.str1.4
                0x1000df54       0x1a CMakeFiles/tcode_simulator.dir/tasks/serial_task.c.o
 .rodata.CSWTCH.31
                0x1000df54       0x10 CMakeFiles/tcode_simulator.dir/tasks/serial_task.c.o
 .rodata.status_led_task_create.str1.4
                0x1000df64        0x7 CMakeFiles/tcode_simulator.dir/tasks/status_led_task.c.o
 .rodata.panic.str1.4
                0x1000df64       0x12 CMakeFiles/tcode_simulator.dir/usr/share/pico-sdk/src/rp2_common/pico_platform_panic/panic.c.o
 .rodata.spin_lock_claim_unused.str1.4
                0x1000df64       0x1b CMakeFiles/tcode_simulator.dir/usr/share/pico-sdk/src/rp2_common/hardware_sync/sync.c.o
 .rodata.user_irq_claim_unused.str1.4
                0x1000df64       0x1b CMakeFiles/tcode_simulator.dir/usr/share/pico-sdk/src/rp2_common/hardware_irq/irq.c.o
 *fill*         0x1000df64        0x4 
 .rodata.at_the_end_of_time
                0x1000df68        0x8 CMakeFiles/tcode_simulator.dir/usr/share/pico-sdk/src/common/pico_time/time.c.o
                0x1000df68                at_the_end_of_time
 .rodata.timer_hardware_alarm_claim.str1.4
                0x1000df70       0x22 CMakeFiles/tcode_simulator.dir/usr/share/pico-sdk/src/rp2_common/hardware_timer/timer.c.o
 .rodata.hard_assertion_failure.str1.4
                0x1000df70        0xc CMakeFiles/tcode_simulator.dir/usr/share/pico-sdk/src/rp2_common/pico_runtime/runtime.c.o
 .rodata.__wrap_malloc.str1.4
                0x1000df70        0xe CMakeFiles/tcode_simulator.dir/usr/share/pico-sdk/src/rp2_common/pico_malloc/malloc.c.o
 .rodata.str1.4
                0x1000df70       0x44 CMakeFiles/tcode_simulator.dir/usr/share/pico-sdk/src/rp2_common/pico_standard_binary_info/standard_binary_info.c.o
 .rodata.__bi_84
                0x1000df70        0xc CMakeFiles/tcode_simulator.dir/usr/share/pico-sdk/src/rp2_common/pico_standard_binary_info/standard_binary_info.c.o
 .rodata.__bi_78
                0x1000df7c        0xc CMakeFiles/tcode_simulator.dir/usr/share/pico-sdk/src/rp2_common/pico_standard_binary_info/standard_binary_info.c.o
 .rodata.__bi_54
                0x1000df88        0xc CMakeFiles/tcode_simulator.dir/usr/share/pico-sdk/src/rp2_common/pico_standard_binary_info/standard_binary_info.c.o
 .rodata.__bi_48
                0x1000df94        0xc CMakeFiles/tcode_simulator.dir/usr/share/pico-sdk/src/rp2_common/pico_standard_binary_info/standard_binary_info.c.o
 .rodata.__bi_42
                0x1000dfa0        0xc CMakeFiles/tcode_simulator.dir/usr/share/pico-sdk/src/rp2_common/pico_standard_binary_info/standard_binary_info.c.o
 .rodata.__bi_34
                0x1000dfac        0xc CMakeFiles/tcode_simulator.dir/usr/share/pico-sdk/src/rp2_common/pico_standard_binary_info/standard_binary_info.c.o
 .rodata.__bi_26
                0x1000dfb8        0xc CMakeFiles/tcode_simulator.dir/usr/share/pico-sdk/src/rp2_common/pico_standard_binary_info/standard_binary_info.c.o
 .rodata._ftoa.str1.4
                0x1000dfc4       0x15 CMakeFiles/tcode_simulator.dir/usr/share/pico-sdk/src/rp2_common/pico_printf/printf.c.o
 .rodata._vsnprintf
                0x1000dfc4      0x19c CMakeFiles/tcode_simulator.dir/usr/share/pico-sdk/src/rp2_common/pico_printf/printf.c.o
 .rodata.pow10.0
                0x1000e160       0x50 CMakeFiles/tcode_simulator.dir/usr/share/pico-sdk/src/rp2_common/pico_printf/printf.c.o
 .rodata.crlf_str.0
                0x1000e1b0        0x2 CMakeFiles/tcode_simulator.dir/usr/share/pico-sdk/src/rp2_common/pico_stdio/stdio.c.o
 *fill*         0x1000e1b2        0x2 
 .rodata._resetd_driver
                0x1000e1b4       0x20 CMakeFiles/tcode_simulator.dir/usr/share/pico-sdk/src/rp2_common/pico_stdio_usb/reset_interface.c.o
 .rodata.desc_ms_os_20
                0x1000e1d4       0xa6 CMakeFiles/tcode_simulator.dir/usr/share/pico-sdk/src/rp2_common/pico_stdio_usb/reset_interface.c.o
 *fill*         0x1000e27a        0x2 
 .rodata.desc_bos
                0x1000e27c       0x21 CMakeFiles/tcode_simulator.dir/usr/share/pico-sdk/src/rp2_common/pico_stdio_usb/reset_interface.c.o
                0x1000e27c                desc_bos
 .rodata.str1.4
                0x1000e29d       0x13 CMakeFiles/tcode_simulator.dir/usr/share/pico-sdk/src/rp2_common/pico_stdio_usb/stdio_usb.c.o
 *fill*         0x1000e29d        0x3 
 .rodata.__bi_202.0
                0x1000e2a0        0xc CMakeFiles/tcode_simulator.dir/usr/share/pico-sdk/src/rp2_common/pico_stdio_usb/stdio_usb.c.o
 .rodata.str1.4
                0x1000e2ac       0x36 CMakeFiles/tcode_simulator.dir/usr/share/pico-sdk/src/rp2_common/pico_stdio_usb/stdio_usb_descriptors.c.o
 .rodata.usbd_desc_str
                0x1000e2ac       0x18 CMakeFiles/tcode_simulator.dir/usr/share/pico-sdk/src/rp2_common/pico_stdio_usb/stdio_usb_descriptors.c.o
 .rodata.usbd_desc_cfg
                0x1000e2c4       0x54 CMakeFiles/tcode_simulator.dir/usr/share/pico-sdk/src/rp2_common/pico_stdio_usb/stdio_usb_descriptors.c.o
 .rodata.usbd_desc_device
                0x1000e318       0x12 CMakeFiles/tcode_simulator.dir/usr/share/pico-sdk/src/rp2_common/pico_stdio_usb/stdio_usb_descriptors.c.o
 .rodata.str1.4
                0x1000e32a       0x14 CMakeFiles/tcode_simulator.dir/usr/share/pico-sdk/lib/tinyusb/src/portable/raspberrypi/rp2040/dcd_rp2040.c.o
 .rodata.str1.4
                0x1000e32a       0x48 CMakeFiles/tcode_simulator.dir/usr/share/pico-sdk/lib/tinyusb/src/portable/raspberrypi/rp2040/rp2040_usb.c.o
 *fill*         0x1000e32a        0x2 
 .rodata.tud_task_ext
                0x1000e32c       0x8c CMakeFiles/tcode_simulator.dir/usr/share/pico-sdk/lib/tinyusb/src/device/usbd.c.o
 .rodata        0x1000e3b8       0x1c CMakeFiles/tcode_simulator.dir/usr/share/pico-sdk/lib/tinyusb/src/device/usbd.c.o
 .rodata._usbd_driver
                0x1000e3d4       0x40 CMakeFiles/tcode_simulator.dir/usr/share/pico-sdk/lib/tinyusb/src/device/usbd.c.o
 .rodata.pio_claim_unused_sm.str1.4
                0x1000e414       0x24 CMakeFiles/tcode_simulator.dir/usr/share/pico-sdk/src/rp2_common/hardware_pio/pio.c.o
 .rodata.str1.4
                0x1000e414       0x4c libfreertos_kernel.a(tasks.c.o)
 .rodata        0x1000e414       0x2c libfreertos_kernel.a(tasks.c.o)
 .rodata.str1.4
                0x1000e440       0x58 libfreertos_kernel.a(timers.c.o)
 .rodata        0x1000e440       0x28 libfreertos_kernel.a(timers.c.o)
 .rodata.str1.4
                0x1000e468       0x60 libfreertos_kernel.a(port.c.o)
 .rodata.str1.4
                0x1000e468       0x5e libfreertos_kernel.a(heap_4.c.o)
 .rodata.str1.4
                0x1000e468       0x4c libfreertos_kernel.a(queue.c.o)
 .rodata._ctype_
                0x1000e468      0x101 /usr/lib/gcc/arm-none-eabi/14.2.0/../../../../arm-none-eabi/lib/thumb/v6-m/nofp/libg.a(libc_a-ctype_.o)
                0x1000e468                _ctype_
                0x1000e56c                        . = ALIGN (0x4)
 *fill*         0x1000e569        0x3 
 *(SORT_BY_ALIGNMENT(SORT_BY_NAME(.flashdata*)))
                0x1000e56c                        . = ALIGN (0x4)

.ARM.extab
 *(.ARM.extab* .gnu.linkonce.armextab.*)
                0x1000e56c                        __exidx_start = .

.ARM.exidx
 *(.ARM.exidx* .gnu.linkonce.armexidx.*)
                0x1000e56c                        __exidx_end = .
                0x1000e56c                        . = ALIGN (0x4)
                0x1000e56c                        __binary_info_start = .

.binary_info    0x1000e56c       0x20
 *(.binary_info.keep.*)
 .binary_info.keep.__bi_ptr84
                0x1000e56c        0x4 CMakeFiles/tcode_simulator.dir/usr/share/pico-sdk/src/rp2_common/pico_standard_binary_info/standard_binary_info.c.o
 .binary_info.keep.__bi_ptr78
                0x1000e570        0x4 CMakeFiles/tcode_simulator.dir/usr/share/pico-sdk/src/rp2_common/pico_standard_binary_info/standard_binary_info.c.o
 .binary_info.keep.__bi_ptr54
                0x1000e574        0x4 CMakeFiles/tcode_simulator.dir/usr/share/pico-sdk/src/rp2_common/pico_standard_binary_info/standard_binary_info.c.o
 .binary_info.keep.__bi_ptr48
                0x1000e578        0x4 CMakeFiles/tcode_simulator.dir/usr/share/pico-sdk/src/rp2_common/pico_standard_binary_info/standard_binary_info.c.o
 .binary_info.keep.__bi_ptr42
                0x1000e57c        0x4 CMakeFiles/tcode_simulator.dir/usr/share/pico-sdk/src/rp2_common/pico_standard_binary_info/standard_binary_info.c.o
 .binary_info.keep.__bi_ptr34
                0x1000e580        0x4 CMakeFiles/tcode_simulator.dir/usr/share/pico-sdk/src/rp2_common/pico_standard_binary_info/standard_binary_info.c.o
 .binary_info.keep.__bi_ptr26
                0x1000e584        0x4 CMakeFiles/tcode_simulator.dir/usr/share/pico-sdk/src/rp2_common/pico_standard_binary_info/standard_binary_info.c.o
 *(.binary_info.*)
 .binary_info.__bi_ptr202
                0x1000e588        0x4 CMakeFiles/tcode_simulator.dir/usr/share/pico-sdk/src/rp2_common/pico_stdio_usb/stdio_usb.c.o
                0x1000e58c                        __binary_info_end = .
                0x1000e58c                        . = ALIGN (0x4)

.ram_vector_table
                0x20000000       0xc0
 *(.ram_vector_table)
 .ram_vector_table
                0x20000000       0xc0 CMakeFiles/tcode_simulator.dir/usr/share/pico-sdk/src/rp2_common/pico_runtime_init/runtime_init.c.o
                0x20000000                ram_vector_table

.uninitialized_data
                0x200000c0        0x0
                0x200000c0                        . = ALIGN (0x4)
 *(.uninitialized_data*)

.data           0x200000c0     0x155c load address 0x1000e58c
                0x200000c0                        __data_start__ = .
 *(vtable)
 *(.time_critical*)
 .time_critical.mutex_try_enter
                0x200000c0       0x40 CMakeFiles/tcode_simulator.dir/usr/share/pico-sdk/src/common/pico_sync/mutex.c.o